Archive member included to satisfy reference by file (symbol)

/Applications/ArmGNUToolchain/14.2.rel1/arm-none-eabi/bin/../lib/gcc/arm-none-eabi/14.2.1/../../../../arm-none-eabi/lib/thumb/v7e-m+fp/hard/libm.a(libm_a-w_pow.o)
                              ./Debug/application.c.o (pow)
/Applications/ArmGNUToolchain/14.2.rel1/arm-none-eabi/bin/../lib/gcc/arm-none-eabi/14.2.1/../../../../arm-none-eabi/lib/thumb/v7e-m+fp/hard/libm.a(libm_a-s_finite.o)
                              /Applications/ArmGNUToolchain/14.2.rel1/arm-none-eabi/bin/../lib/gcc/arm-none-eabi/14.2.1/../../../../arm-none-eabi/lib/thumb/v7e-m+fp/hard/libm.a(libm_a-w_pow.o) (finite)
/Applications/ArmGNUToolchain/14.2.rel1/arm-none-eabi/bin/../lib/gcc/arm-none-eabi/14.2.1/../../../../arm-none-eabi/lib/thumb/v7e-m+fp/hard/libm.a(libm_a-e_pow.o)
                              /Applications/ArmGNUToolchain/14.2.rel1/arm-none-eabi/bin/../lib/gcc/arm-none-eabi/14.2.1/../../../../arm-none-eabi/lib/thumb/v7e-m+fp/hard/libm.a(libm_a-w_pow.o) (__ieee754_pow)
/Applications/ArmGNUToolchain/14.2.rel1/arm-none-eabi/bin/../lib/gcc/arm-none-eabi/14.2.1/../../../../arm-none-eabi/lib/thumb/v7e-m+fp/hard/libm.a(libm_a-math_err.o)
                              /Applications/ArmGNUToolchain/14.2.rel1/arm-none-eabi/bin/../lib/gcc/arm-none-eabi/14.2.1/../../../../arm-none-eabi/lib/thumb/v7e-m+fp/hard/libm.a(libm_a-e_pow.o) (__math_uflow)
/Applications/ArmGNUToolchain/14.2.rel1/arm-none-eabi/bin/../lib/gcc/arm-none-eabi/14.2.1/../../../../arm-none-eabi/lib/thumb/v7e-m+fp/hard/libm.a(libm_a-s_fabs.o)
                              /Applications/ArmGNUToolchain/14.2.rel1/arm-none-eabi/bin/../lib/gcc/arm-none-eabi/14.2.1/../../../../arm-none-eabi/lib/thumb/v7e-m+fp/hard/libm.a(libm_a-e_pow.o) (fabs)
/Applications/ArmGNUToolchain/14.2.rel1/arm-none-eabi/bin/../lib/gcc/arm-none-eabi/14.2.1/../../../../arm-none-eabi/lib/thumb/v7e-m+fp/hard/libm.a(libm_a-s_scalbn.o)
                              /Applications/ArmGNUToolchain/14.2.rel1/arm-none-eabi/bin/../lib/gcc/arm-none-eabi/14.2.1/../../../../arm-none-eabi/lib/thumb/v7e-m+fp/hard/libm.a(libm_a-e_pow.o) (scalbn)
/Applications/ArmGNUToolchain/14.2.rel1/arm-none-eabi/bin/../lib/gcc/arm-none-eabi/14.2.1/../../../../arm-none-eabi/lib/thumb/v7e-m+fp/hard/libm.a(libm_a-e_sqrt.o)
                              /Applications/ArmGNUToolchain/14.2.rel1/arm-none-eabi/bin/../lib/gcc/arm-none-eabi/14.2.1/../../../../arm-none-eabi/lib/thumb/v7e-m+fp/hard/libm.a(libm_a-e_pow.o) (__ieee754_sqrt)
/Applications/ArmGNUToolchain/14.2.rel1/arm-none-eabi/bin/../lib/gcc/arm-none-eabi/14.2.1/thumb/v7e-m+fp/hard/libgcc.a(_arm_muldf3.o)
                              ./Debug/application.c.o (__aeabi_dmul)
/Applications/ArmGNUToolchain/14.2.rel1/arm-none-eabi/bin/../lib/gcc/arm-none-eabi/14.2.1/thumb/v7e-m+fp/hard/libgcc.a(_arm_addsubdf3.o)
                              /Applications/ArmGNUToolchain/14.2.rel1/arm-none-eabi/bin/../lib/gcc/arm-none-eabi/14.2.1/../../../../arm-none-eabi/lib/thumb/v7e-m+fp/hard/libm.a(libm_a-e_pow.o) (__aeabi_dsub)
/Applications/ArmGNUToolchain/14.2.rel1/arm-none-eabi/bin/../lib/gcc/arm-none-eabi/14.2.1/thumb/v7e-m+fp/hard/libgcc.a(_arm_muldivdf3.o)
                              ./Debug/TimeMeasure.c.o (__aeabi_ddiv)
/Applications/ArmGNUToolchain/14.2.rel1/arm-none-eabi/bin/../lib/gcc/arm-none-eabi/14.2.1/thumb/v7e-m+fp/hard/libgcc.a(_arm_cmpdf2.o)
                              /Applications/ArmGNUToolchain/14.2.rel1/arm-none-eabi/bin/../lib/gcc/arm-none-eabi/14.2.1/../../../../arm-none-eabi/lib/thumb/v7e-m+fp/hard/libm.a(libm_a-w_pow.o) (__aeabi_dcmpeq)
/Applications/ArmGNUToolchain/14.2.rel1/arm-none-eabi/bin/../lib/gcc/arm-none-eabi/14.2.1/thumb/v7e-m+fp/hard/libgcc.a(_arm_unorddf2.o)
                              /Applications/ArmGNUToolchain/14.2.rel1/arm-none-eabi/bin/../lib/gcc/arm-none-eabi/14.2.1/../../../../arm-none-eabi/lib/thumb/v7e-m+fp/hard/libm.a(libm_a-w_pow.o) (__aeabi_dcmpun)
/Applications/ArmGNUToolchain/14.2.rel1/arm-none-eabi/bin/../lib/gcc/arm-none-eabi/14.2.1/thumb/v7e-m+fp/hard/libgcc.a(_arm_fixdfsi.o)
                              ./Debug/application.c.o (__aeabi_d2iz)
/Applications/ArmGNUToolchain/14.2.rel1/arm-none-eabi/bin/../lib/gcc/arm-none-eabi/14.2.1/../../../../arm-none-eabi/lib/thumb/v7e-m+fp/hard/libc_nano.a(libc_a-atoi.o)
                              ./Debug/application.c.o (atoi)
/Applications/ArmGNUToolchain/14.2.rel1/arm-none-eabi/bin/../lib/gcc/arm-none-eabi/14.2.1/../../../../arm-none-eabi/lib/thumb/v7e-m+fp/hard/libc_nano.a(libc_a-vsnprintf.o)
                              ./Debug/Print.c.o (vsnprintf)
/Applications/ArmGNUToolchain/14.2.rel1/arm-none-eabi/bin/../lib/gcc/arm-none-eabi/14.2.1/../../../../arm-none-eabi/lib/thumb/v7e-m+fp/hard/libc_nano.a(libc_a-strtol.o)
                              /Applications/ArmGNUToolchain/14.2.rel1/arm-none-eabi/bin/../lib/gcc/arm-none-eabi/14.2.1/../../../../arm-none-eabi/lib/thumb/v7e-m+fp/hard/libc_nano.a(libc_a-atoi.o) (_strtol_r)
[...]
Memory Configuration

Name             Origin             Length             Attributes
RAM              0x20000000         0x0001c000         xrw
*default*        0x00000000         0xffffffff

Linker script and memory map

LOAD ./Debug/MusicPlayer.c.o
LOAD ./Debug/sioTinyTimber.c.o
LOAD ./Debug/TimeMeasure.c.o
LOAD ./Debug/driver_src_stm32f4xx_usart.c.o
LOAD ./Debug/driver_src_stm32f4xx_tim.c.o
LOAD ./Debug/driver_src_stm32f4xx_gpio.c.o
LOAD ./Debug/driver_src_stm32f4xx_dac.c.o
LOAD ./Debug/driver_src_stm32f4xx_exti.c.o
LOAD ./Debug/canTinyTimber.c.o
LOAD ./Debug/dispatch.s.o
LOAD ./Debug/TinyTimber.c.o
LOAD ./Debug/driver_src_stm32f4xx_can.c.o
LOAD ./Debug/startup.c.o
LOAD ./Debug/sciTinyTimber.c.o
LOAD ./Debug/BackgroundLoad.c.o
LOAD ./Debug/driver_src_stm32f4xx_syscfg.c.o
LOAD ./Debug/application.c.o
LOAD ./Debug/ToneGenerator.c.o
LOAD ./Debug/driver_src_stm32f4xx_rcc.c.o
LOAD ./Debug/HashMap.c.o
LOAD ./Debug/Print.c.o
LOAD /Applications/ArmGNUToolchain/14.2.rel1/arm-none-eabi/bin/../lib/gcc/arm-none-eabi/14.2.1/../../../../arm-none-eabi/lib/thumb/v7e-m+fp/hard/libstdc++_nano.a
LOAD /Applications/ArmGNUToolchain/14.2.rel1/arm-none-eabi/bin/../lib/gcc/arm-none-eabi/14.2.1/../../../../arm-none-eabi/lib/thumb/v7e-m+fp/hard/libm.a
START GROUP
LOAD /Applications/ArmGNUToolchain/14.2.rel1/arm-none-eabi/bin/../lib/gcc/arm-none-eabi/14.2.1/thumb/v7e-m+fp/hard/libgcc.a
LOAD /Applications/ArmGNUToolchain/14.2.rel1/arm-none-eabi/bin/../lib/gcc/arm-none-eabi/14.2.1/../../../../arm-none-eabi/lib/thumb/v7e-m+fp/hard/libc_nano.a
END GROUP
START GROUP
LOAD /Applications/ArmGNUToolchain/14.2.rel1/arm-none-eabi/bin/../lib/gcc/arm-none-eabi/14.2.1/thumb/v7e-m+fp/hard/libgcc.a
LOAD /Applications/ArmGNUToolchain/14.2.rel1/arm-none-eabi/bin/../lib/gcc/arm-none-eabi/14.2.1/../../../../arm-none-eabi/lib/thumb/v7e-m+fp/hard/libc_nano.a
END GROUP

.text           0x20000000     0xad0c
                0x20000000                        . = ALIGN (0x4)
 *(.start_section)
 .start_section
                0x20000000       0x1c ./Debug/startup.c.o
                0x20000000                startup
 *(.text)
 .text          0x2000001c      0x1a4 ./Debug/MusicPlayer.c.o
                0x2000001c                startPlay
                0x20000040                play
                0x20000124                setBPM
                0x2000016c                setBasicBeatLength
                0x20000188                setSilence
                0x200001a4                setKey
 .text          0x200001c0      0x1b0 ./Debug/sioTinyTimber.c.o
                0x20000248                sio_init
                0x20000278                sio_read
                0x20000298                sio_write
                0x200002ba                sio_toggle
                0x200002d8                sio_trig
                0x20000318                sio_interrupt
 .text          0x20000370      0x18c ./Debug/TimeMeasure.c.o
                0x20000370                startMeasure
                0x2000039c                endMeasure
                0x2000045c                getMaximum
                0x20000484                getAverage
 .text          0x200004fc      0x970 ./Debug/driver_src_stm32f4xx_usart.c.o
                0x200004fc                USART_DeInit
                0x20000614                USART_Init
                0x20000788                USART_StructInit
                0x200007c2                USART_ClockInit
                0x20000818                USART_ClockStructInit
                0x20000844                USART_Cmd
                0x20000884                USART_SetPrescaler
                0x200008be                USART_OverSampling8Cmd
                0x20000902                USART_OneBitMethodCmd
                0x20000942                USART_SendData
                0x20000966                USART_ReceiveData
                0x20000986                USART_SetAddress
                0x200009c0                USART_ReceiverWakeUpCmd
                0x20000a00                USART_WakeUpConfig
                0x20000a38                USART_LINBreakDetectLengthConfig
                0x20000a70                USART_LINCmd
                0x20000ab0                USART_SendBreak
                0x20000ad4                USART_HalfDuplexCmd
                0x20000b14                USART_SetGuardTime
                0x20000b50                USART_SmartCardCmd
                0x20000b90                USART_SmartCardNACKCmd
                0x20000bd0                USART_IrDAConfig
                0x20000c08                USART_IrDACmd
                0x20000c48                USART_DMACmd
                0x20000c90                USART_ITConfig
                0x20000d20                USART_GetFlagStatus
                0x20000d58                USART_ClearFlag
                0x20000d7a                USART_GetITStatus
                0x20000e30                USART_ClearITPendingBit
 .text          0x20000e6c     0x1c1c ./Debug/driver_src_stm32f4xx_tim.c.o
                0x20000e6c                TIM_DeInit
                0x2000102c                TIM_TimeBaseInit
                0x20001104                TIM_TimeBaseStructInit
                0x20001138                TIM_PrescalerConfig
                0x20001160                TIM_CounterModeConfig
                0x20001198                TIM_SetCounter
                0x200011b4                TIM_SetAutoreload
                0x200011d0                TIM_GetCounter
                0x200011e8                TIM_GetPrescaler
                0x20001202                TIM_UpdateDisableConfig
                0x20001242                TIM_UpdateRequestConfig
                0x20001282                TIM_ARRPreloadConfig
                0x200012c2                TIM_SelectOnePulseMode
                0x200012fa                TIM_SetClockDivision
                0x20001332                TIM_Cmd
                0x20001372                TIM_OC1Init
                0x20001468                TIM_OC2Init
                0x20001578                TIM_OC3Init
                0x20001684                TIM_OC4Init
                0x20001754                TIM_OCStructInit
                0x20001798                TIM_SelectOCxM
                0x2000184e                TIM_SetCompare1
                0x2000186a                TIM_SetCompare2
                0x20001886                TIM_SetCompare3
                0x200018a2                TIM_SetCompare4
                0x200018be                TIM_ForcedOC1Config
                0x200018f6                TIM_ForcedOC2Config
                0x20001932                TIM_ForcedOC3Config
                0x2000196a                TIM_ForcedOC4Config
                0x200019a6                TIM_OC1PreloadConfig
                0x200019de                TIM_OC2PreloadConfig
                0x20001a1a                TIM_OC3PreloadConfig
                0x20001a52                TIM_OC4PreloadConfig
                0x20001a8e                TIM_OC1FastConfig
                0x20001ac6                TIM_OC2FastConfig
                0x20001b02                TIM_OC3FastConfig
                0x20001b3a                TIM_OC4FastConfig
                0x20001b76                TIM_ClearOC1Ref
                0x20001bae                TIM_ClearOC2Ref
                0x20001bea                TIM_ClearOC3Ref
                0x20001c22                TIM_ClearOC4Ref
                0x20001c5e                TIM_OC1PolarityConfig
                0x20001c96                TIM_OC1NPolarityConfig
                0x20001cce                TIM_OC2PolarityConfig
                0x20001d0a                TIM_OC2NPolarityConfig
                0x20001d46                TIM_OC3PolarityConfig
                0x20001d82                TIM_OC3NPolarityConfig
                0x20001dbe                TIM_OC4PolarityConfig
                0x20001dfa                TIM_CCxCmd
                0x20001e50                TIM_CCxNCmd
                0x20001ea6                TIM_ICInit
                0x20001f4e                TIM_ICStructInit
                0x20001f80                TIM_PWMIConfig
                0x20002038                TIM_GetCapture1
                0x20002050                TIM_GetCapture2
                0x20002068                TIM_GetCapture3
                0x20002080                TIM_GetCapture4
                0x20002098                TIM_SetIC1Prescaler
                0x200020d0                TIM_SetIC2Prescaler
                0x2000210c                TIM_SetIC3Prescaler
                0x20002144                TIM_SetIC4Prescaler
                0x20002180                TIM_BDTRConfig
                0x200021d0                TIM_BDTRStructInit
                0x2000220e                TIM_CtrlPWMOutputs
                0x2000225a                TIM_SelectCOM
                0x2000229a                TIM_CCPreloadControl
                0x200022da                TIM_ITConfig
                0x20002322                TIM_GenerateEvent
                0x20002340                TIM_GetFlagStatus
                0x20002378                TIM_ClearFlag
                0x2000239a                TIM_GetITStatus
                0x200023ee                TIM_ClearITPendingBit
                0x20002410                TIM_DMAConfig
                0x2000243a                TIM_DMACmd
                0x20002482                TIM_SelectCCDMA
                0x200024c2                TIM_InternalClockConfig
                0x200024e6                TIM_ITRxExternalClockConfig
                0x20002514                TIM_TIxExternalClockConfig
                0x20002570                TIM_ETRClockMode1Config
                0x200025ce                TIM_ETRClockMode2Config
                0x2000260c                TIM_SelectInputTrigger
                0x20002644                TIM_SelectOutputTrigger
                0x2000267c                TIM_SelectSlaveMode
                0x200026b4                TIM_SelectMasterSlaveMode
                0x200026ec                TIM_ETRConfig
                0x20002740                TIM_EncoderInterfaceConfig
                0x200027d8                TIM_SelectHallSensor
                0x20002818                TIM_RemapConfig
 .text          0x20002a88      0x4d8 ./Debug/driver_src_stm32f4xx_gpio.c.o
                0x20002a88                GPIO_DeInit
                0x20002bec                GPIO_Init
                0x20002d0a                GPIO_StructInit
                0x20002d3e                GPIO_PinLockConfig
                0x20002d82                GPIO_ReadInputDataBit
                0x20002db6                GPIO_ReadInputData
                0x20002dd0                GPIO_ReadOutputDataBit
                0x20002e04                GPIO_ReadOutputData
                0x20002e1e                GPIO_SetBits
                0x20002e3c                GPIO_ResetBits
                0x20002e5a                GPIO_WriteBit
                0x20002e8a                GPIO_Write
                0x20002ea8                GPIO_ToggleBits
                0x20002ecc                GPIO_PinAFConfig
 .text          0x20002f60      0x450 ./Debug/driver_src_stm32f4xx_dac.c.o
                0x20002f60                DAC_DeInit
                0x20002f7c                DAC_Init
                0x20002fe4                DAC_StructInit
                0x20003010                DAC_Cmd
                0x2000305c                DAC_SoftwareTriggerCmd
                0x200030ac                DAC_DualSoftwareTriggerCmd
                0x200030e8                DAC_WaveGenerationCmd
                0x20003134                DAC_SetChannel1Data
                0x2000316c                DAC_SetChannel2Data
                0x200031a4                DAC_SetDualChannelData
                0x200031fc                DAC_GetDataOutputValue
                0x20003230                DAC_DMACmd
                0x20003280                DAC_ITConfig
                0x200032cc                DAC_GetFlagStatus
                0x20003308                DAC_ClearFlag
                0x20003330                DAC_GetITStatus
                0x20003388                DAC_ClearITPendingBit
 .text          0x200033b0      0x210 ./Debug/driver_src_stm32f4xx_exti.c.o
                0x200033b0                EXTI_DeInit
                0x200033e4                EXTI_Init
                0x200034c8                EXTI_StructInit
                0x200034f4                EXTI_GenerateSWInterrupt
                0x20003518                EXTI_GetFlagStatus
                0x2000354c                EXTI_ClearFlag
                0x2000356c                EXTI_GetITStatus
                0x200035a0                EXTI_ClearITPendingBit
 .text          0x200035c0      0x434 ./Debug/canTinyTimber.c.o
                0x20003648                can_init
                0x20003700                can_interrupt
                0x20003888                can_receive
                0x20003952                can_send
 .text          0x200039f4       0xf4 ./Debug/dispatch.s.o
                0x200039f4                vect_SVCall
                0x200039f8                vect_PendSV
 .text          0x20003ae8      0xf50 ./Debug/TinyTimber.c.o
                0x20003b70                DUMP
                0x20003baa                DUMPH
                0x20003c08                DUMPD
                0x20003cac                sei
                0x20003cca                cli
                0x20003ce8                _sbrk
                0x20003d2c                SETSTACK
                0x20003d92                SETPC
                0x20003db6                TIMER_INIT
                0x20003e4c                DUMPC
                0x20003e80                vect_USART1
                0x20003ee8                vect_CAN1
                0x20003f50                vect_EXTI9_5
                0x20003fb8                enqueueByDeadline
                0x20004010                enqueueByBaseline
                0x20004068                dequeue
                0x200040b8                dequeue_pool
                0x20004108                insert
                0x2000412c                push
                0x20004150                pop
                0x200041d2                vect_TIM5
                0x20004264                __svc_dispatch
                0x20004274                __pendSV_dispatch
                0x200043e4                async
                0x20004520                sync
                0x2000462c                ABORT
                0x200046e0                T_RESET
                0x2000471c                T_SAMPLE
                0x2000475c                CURRENT_OFFSET
                0x20004908                install
                0x200049d4                tinytimber
 .text          0x20004a38     0x11b4 ./Debug/driver_src_stm32f4xx_can.c.o
                0x20004a38                CAN_DeInit
                0x20004a80                CAN_Init
                0x20004c22                CAN_FilterInit
                0x20004da8                CAN_StructInit
                0x20004dfe                CAN_SlaveStartBank
                0x20004e60                CAN_DBGFreeze
                0x20004e98                CAN_TTComModeCmd
                0x20004f30                CAN_Transmit
                0x200050d2                CAN_TransmitStatus
                0x200051d8                CAN_CancelTransmit
                0x20005230                CAN_Receive
                0x200053ac                CAN_FIFORelease
                0x200053e4                CAN_MessagePending
                0x2000542e                CAN_OperatingModeRequest
                0x2000552a                CAN_Sleep
                0x20005564                CAN_WakeUp
                0x200055ba                CAN_GetLastErrorCode
                0x200055e0                CAN_GetReceiveErrorCounter
                0x20005602                CAN_GetLSBTransmitErrorCounter
                0x20005624                CAN_ITConfig
                0x20005660                CAN_GetFlagStatus
                0x2000572e                CAN_ClearFlag
                0x200057a0                CAN_GetITStatus
                0x20005a04                CAN_ClearITPendingBit
 .text          0x20005bec      0x32c ./Debug/startup.c.o
 .text          0x20005f18      0x294 ./Debug/sciTinyTimber.c.o
                0x20005fa0                sci_init
                0x20006046                sci_write
                0x2000609c                sci_writechar
                0x200060d2                sci_interrupt
 .text          0x200061ac      0x15c ./Debug/BackgroundLoad.c.o
                0x200061ac                load_bg
                0x2000621c                setUseDeadlineForLoad
                0x20006238                decreaseLoad
                0x20006270                increaseLoad
                0x200062a4                stopLoad
                0x200062c0                setValue
                0x200062ec                setStep
 .text          0x20006308      0x154 ./Debug/driver_src_stm32f4xx_syscfg.c.o
                0x20006308                SYSCFG_DeInit
                0x20006324                SYSCFG_MemoryRemapConfig
                0x20006344                SYSCFG_MemorySwappingBank
                0x20006364                SYSCFG_EXTILineConfig
                0x200063e8                SYSCFG_ETH_MediaInterfaceConfig
                0x20006408                SYSCFG_CompensationCellCmd
                0x20006428                SYSCFG_GetCompensationCellStatus
 *fill*         0x2000645c        0x4 
 .text          0x20006460      0x8b4 ./Debug/application.c.o
                0x20006460                getModeByValue
                0x20006488                getFrequency
                0x20006518                initial
                0x20006558                getPeriodsByChangingKey
                0x200065d0                threeHistory
                0x2000681c                getRequestNumFromBuffer
                0x20006850                dispatch
                0x20006b40                reader
                0x20006c00                receiver
                0x20006c50                startApp
                0x20006cd4                main
 .text          0x20006d14      0x13c ./Debug/ToneGenerator.c.o
                0x20006d14                playTone
                0x20006dc0                setMuted
                0x20006ddc                setVolumn
                0x20006e16                setUseDeadline
                0x20006e32                setPeriod
 .text          0x20006e50      0xcb0 ./Debug/driver_src_stm32f4xx_rcc.c.o
                0x20006e50                RCC_DeInit
                0x20006ec0                RCC_HSEConfig
                0x20006ee8                RCC_WaitForHSEStartUp
                0x20006f38                RCC_AdjustHSICalibrationValue
                0x20006f74                RCC_HSICmd
                0x20006f94                RCC_LSEConfig
                0x20006fd8                RCC_LSICmd
                0x20006ff8                RCC_PLLConfig
                0x20007038                RCC_PLLCmd
                0x20007058                RCC_PLLI2SConfig
                0x20007084                RCC_PLLI2SCmd
                0x200070a4                RCC_PLLSAIConfig
                0x200070d8                RCC_PLLSAICmd
                0x200070f8                RCC_ClockSecuritySystemCmd
                0x20007118                RCC_MCO1Config
                0x20007158                RCC_MCO2Config
                0x20007198                RCC_SYSCLKConfig
                0x200071d0                RCC_GetSYSCLKSource
                0x200071f0                RCC_HCLKConfig
                0x20007228                RCC_PCLK1Config
                0x20007260                RCC_PCLK2Config
                0x2000729c                RCC_GetClocksFreq
                0x200073f8                RCC_RTCCLKConfig
                0x20007454                RCC_RTCCLKCmd
                0x20007474                RCC_BackupResetCmd
                0x20007494                RCC_I2SCLKConfig
                0x200074b4                RCC_SAIPLLI2SClkDivConfig
                0x200074f4                RCC_SAIPLLSAIClkDivConfig
                0x20007534                RCC_SAIBlockACLKConfig
                0x20007570                RCC_SAIBlockBCLKConfig
                0x200075ac                RCC_LTDCCLKDivConfig
                0x200075e8                RCC_TIMCLKPresConfig
                0x20007608                RCC_AHB1PeriphClockCmd
                0x20007648                RCC_AHB2PeriphClockCmd
                0x20007688                RCC_AHB3PeriphClockCmd
                0x200076c8                RCC_APB1PeriphClockCmd
                0x20007708                RCC_APB2PeriphClockCmd
                0x20007748                RCC_AHB1PeriphResetCmd
                0x20007788                RCC_AHB2PeriphResetCmd
                0x200077c8                RCC_AHB3PeriphResetCmd
                0x20007808                RCC_APB1PeriphResetCmd
                0x20007848                RCC_APB2PeriphResetCmd
                0x20007888                RCC_AHB1PeriphClockLPModeCmd
                0x200078c8                RCC_AHB2PeriphClockLPModeCmd
                0x20007908                RCC_AHB3PeriphClockLPModeCmd
                0x20007948                RCC_APB1PeriphClockLPModeCmd
                0x20007988                RCC_APB2PeriphClockLPModeCmd
                0x200079c8                RCC_ITConfig
                0x20007a14                RCC_GetFlagStatus
                0x20007a88                RCC_ClearFlag
                0x20007aa8                RCC_GetITStatus
                0x20007ae0                RCC_ClearITPendingBit
 .text          0x20007b00        0x0 ./Debug/HashMap.c.o
 .text          0x20007b00       0x40 ./Debug/Print.c.o
                0x20007b00                print
 .text          0x20007b40        0x0 /Applications/ArmGNUToolchain/14.2.rel1/arm-none-eabi/bin/../lib/gcc/arm-none-eabi/14.2.1/../../../../arm-none-eabi/lib/thumb/v7e-m+fp/hard/libm.a(libm_a-w_pow.o)
 .text          0x20007b40        0x0 /Applications/ArmGNUToolchain/14.2.rel1/arm-none-eabi/bin/../lib/gcc/arm-none-eabi/14.2.1/../../../../arm-none-eabi/lib/thumb/v7e-m+fp/hard/libm.a(libm_a-s_finite.o)
 .text          0x20007b40        0x0 /Applications/ArmGNUToolchain/14.2.rel1/arm-none-eabi/bin/../lib/gcc/arm-none-eabi/14.2.1/../../../../arm-none-eabi/lib/thumb/v7e-m+fp/hard/libm.a(libm_a-e_pow.o)
 .text          0x20007b40        0x0 /Applications/ArmGNUToolchain/14.2.rel1/arm-none-eabi/bin/../lib/gcc/arm-none-eabi/14.2.1/../../../../arm-none-eabi/lib/thumb/v7e-m+fp/hard/libm.a(libm_a-math_err.o)
 .text          0x20007b40        0x0 /Applications/ArmGNUToolchain/14.2.rel1/arm-none-eabi/bin/../lib/gcc/arm-none-eabi/14.2.1/../../../../arm-none-eabi/lib/thumb/v7e-m+fp/hard/libm.a(libm_a-s_fabs.o)
 .text          0x20007b40        0x0 /Applications/ArmGNUToolchain/14.2.rel1/arm-none-eabi/bin/../lib/gcc/arm-none-eabi/14.2.1/../../../../arm-none-eabi/lib/thumb/v7e-m+fp/hard/libm.a(libm_a-s_scalbn.o)
 .text          0x20007b40        0x0 /Applications/ArmGNUToolchain/14.2.rel1/arm-none-eabi/bin/../lib/gcc/arm-none-eabi/14.2.1/../../../../arm-none-eabi/lib/thumb/v7e-m+fp/hard/libm.a(libm_a-e_sqrt.o)
 .text          0x20007b40      0x254 /Applications/ArmGNUToolchain/14.2.rel1/arm-none-eabi/bin/../lib/gcc/arm-none-eabi/14.2.1/thumb/v7e-m+fp/hard/libgcc.a(_arm_muldf3.o)
 .text          0x20007d94      0x378 /Applications/ArmGNUToolchain/14.2.rel1/arm-none-eabi/bin/../lib/gcc/arm-none-eabi/14.2.1/thumb/v7e-m+fp/hard/libgcc.a(_arm_addsubdf3.o)
                0x20007d94                __aeabi_drsub
                0x20007d9c                __subdf3
                0x20007d9c                __aeabi_dsub
                0x20007da0                __aeabi_dadd
                0x20007da0                __adddf3
                0x20008018                __aeabi_ui2d
                0x20008018                __floatunsidf
                0x20008038                __floatsidf
                0x20008038                __aeabi_i2d
                0x2000805c                __extendsfdf2
                0x2000805c                __aeabi_f2d
                0x200080a0                __aeabi_ul2d
                0x200080a0                __floatundidf
                0x200080b0                __aeabi_l2d
                0x200080b0                __floatdidf
 .text          0x2000810c      0x424 /Applications/ArmGNUToolchain/14.2.rel1/arm-none-eabi/bin/../lib/gcc/arm-none-eabi/14.2.1/thumb/v7e-m+fp/hard/libgcc.a(_arm_muldivdf3.o)
                0x2000810c                __aeabi_dmul
                0x2000810c                __muldf3
                0x20008360                __aeabi_ddiv
                0x20008360                __divdf3
 .text          0x20008530      0x110 /Applications/ArmGNUToolchain/14.2.rel1/arm-none-eabi/bin/../lib/gcc/arm-none-eabi/14.2.1/thumb/v7e-m+fp/hard/libgcc.a(_arm_cmpdf2.o)
                0x20008530                __gedf2
                0x20008530                __gtdf2
                0x20008538                __ledf2
                0x20008538                __ltdf2
                0x20008540                __cmpdf2
                0x20008540                __eqdf2
                0x20008540                __nedf2
                0x200085bc                __aeabi_cdrcmple
                0x200085cc                __aeabi_cdcmple
                0x200085cc                __aeabi_cdcmpeq
                0x200085dc                __aeabi_dcmpeq
                0x200085f0                __aeabi_dcmplt
                0x20008604                __aeabi_dcmple
                0x20008618                __aeabi_dcmpge
                0x2000862c                __aeabi_dcmpgt
 .text          0x20008640       0x2c /Applications/ArmGNUToolchain/14.2.rel1/arm-none-eabi/bin/../lib/gcc/arm-none-eabi/14.2.1/thumb/v7e-m+fp/hard/libgcc.a(_arm_unorddf2.o)
                0x20008640                __aeabi_dcmpun
                0x20008640                __unorddf2
 .text          0x2000866c       0x50 /Applications/ArmGNUToolchain/14.2.rel1/arm-none-eabi/bin/../lib/gcc/arm-none-eabi/14.2.1/thumb/v7e-m+fp/hard/libgcc.a(_arm_fixdfsi.o)
                0x2000866c                __fixdfsi
                0x2000866c                __aeabi_d2iz
 .text          0x200086bc        0x0 /Applications/ArmGNUToolchain/14.2.rel1/arm-none-eabi/bin/../lib/gcc/arm-none-eabi/14.2.1/../../../../arm-none-eabi/lib/thumb/v7e-m+fp/hard/libc_nano.a(libc_a-atoi.o)
 .text          0x200086bc        0x0 /Applications/ArmGNUToolchain/14.2.rel1/arm-none-eabi/bin/../lib/gcc/arm-none-eabi/14.2.1/../../../../arm-none-eabi/lib/thumb/v7e-m+fp/hard/libc_nano.a(libc_a-vsnprintf.o)
 .text          0x200086bc        0x0 /Applications/ArmGNUToolchain/14.2.rel1/arm-none-eabi/bin/../lib/gcc/arm-none-eabi/14.2.1/../../../../arm-none-eabi/lib/thumb/v7e-m+fp/hard/libc_nano.a(libc_a-strtol.o)
 .text          0x200086bc        0x0 /Applications/ArmGNUToolchain/14.2.rel1/arm-none-eabi/bin/../lib/gcc/arm-none-eabi/14.2.1/../../../../arm-none-eabi/lib/thumb/v7e-m+fp/hard/libc_nano.a(libc_a-memset.o)
 .text          0x200086bc        0x0 /Applications/ArmGNUToolchain/14.2.rel1/arm-none-eabi/bin/../lib/gcc/arm-none-eabi/14.2.1/../../../../arm-none-eabi/lib/thumb/v7e-m+fp/hard/libc_nano.a(libc_a-errno.o)
 .text          0x200086bc        0x0 /Applications/ArmGNUToolchain/14.2.rel1/arm-none-eabi/bin/../lib/gcc/arm-none-eabi/14.2.1/../../../../arm-none-eabi/lib/thumb/v7e-m+fp/hard/libc_nano.a(libc_a-impure.o)
 .text          0x200086bc        0x0 /Applications/ArmGNUToolchain/14.2.rel1/arm-none-eabi/bin/../lib/gcc/arm-none-eabi/14.2.1/../../../../arm-none-eabi/lib/thumb/v7e-m+fp/hard/libc_nano.a(libc_a-ctype_.o)
 .text          0x200086bc        0x0 /Applications/ArmGNUToolchain/14.2.rel1/arm-none-eabi/bin/../lib/gcc/arm-none-eabi/14.2.1/../../../../arm-none-eabi/lib/thumb/v7e-m+fp/hard/libc_nano.a(libc_a-nano-svfprintf.o)
 .text          0x200086bc        0x0 /Applications/ArmGNUToolchain/14.2.rel1/arm-none-eabi/bin/../lib/gcc/arm-none-eabi/14.2.1/../../../../arm-none-eabi/lib/thumb/v7e-m+fp/hard/libc_nano.a(libc_a-mallocr.o)
 .text          0x200086bc        0x0 /Applications/ArmGNUToolchain/14.2.rel1/arm-none-eabi/bin/../lib/gcc/arm-none-eabi/14.2.1/../../../../arm-none-eabi/lib/thumb/v7e-m+fp/hard/libc_nano.a(libc_a-nano-vfprintf_i.o)
 .text          0x200086bc        0x0 /Applications/ArmGNUToolchain/14.2.rel1/arm-none-eabi/bin/../lib/gcc/arm-none-eabi/14.2.1/../../../../arm-none-eabi/lib/thumb/v7e-m+fp/hard/libc_nano.a(libc_a-mlock.o)
 .text          0x200086bc        0x0 /Applications/ArmGNUToolchain/14.2.rel1/arm-none-eabi/bin/../lib/gcc/arm-none-eabi/14.2.1/../../../../arm-none-eabi/lib/thumb/v7e-m+fp/hard/libc_nano.a(libc_a-reallocr.o)
 .text          0x200086bc        0x0 /Applications/ArmGNUToolchain/14.2.rel1/arm-none-eabi/bin/../lib/gcc/arm-none-eabi/14.2.1/../../../../arm-none-eabi/lib/thumb/v7e-m+fp/hard/libc_nano.a(libc_a-memmove.o)
 .text          0x200086bc        0x0 /Applications/ArmGNUToolchain/14.2.rel1/arm-none-eabi/bin/../lib/gcc/arm-none-eabi/14.2.1/../../../../arm-none-eabi/lib/thumb/v7e-m+fp/hard/libc_nano.a(libc_a-sbrkr.o)
 .text          0x200086bc        0x0 /Applications/ArmGNUToolchain/14.2.rel1/arm-none-eabi/bin/../lib/gcc/arm-none-eabi/14.2.1/../../../../arm-none-eabi/lib/thumb/v7e-m+fp/hard/libc_nano.a(libc_a-lock.o)
 .text          0x200086bc        0x0 /Applications/ArmGNUToolchain/14.2.rel1/arm-none-eabi/bin/../lib/gcc/arm-none-eabi/14.2.1/../../../../arm-none-eabi/lib/thumb/v7e-m+fp/hard/libc_nano.a(libc_a-reent.o)
 *fill*         0x200086bc        0x4 
 .text          0x200086c0       0xa0 /Applications/ArmGNUToolchain/14.2.rel1/arm-none-eabi/bin/../lib/gcc/arm-none-eabi/14.2.1/../../../../arm-none-eabi/lib/thumb/v7e-m+fp/hard/libc_nano.a(libc_a-memchr.o)
                0x200086c0                memchr
 .text          0x20008760        0x0 /Applications/ArmGNUToolchain/14.2.rel1/arm-none-eabi/bin/../lib/gcc/arm-none-eabi/14.2.1/../../../../arm-none-eabi/lib/thumb/v7e-m+fp/hard/libc_nano.a(libc_a-memcpy-stub.o)
 .text          0x20008760        0x0 /Applications/ArmGNUToolchain/14.2.rel1/arm-none-eabi/bin/../lib/gcc/arm-none-eabi/14.2.1/../../../../arm-none-eabi/lib/thumb/v7e-m+fp/hard/libc_nano.a(libc_a-freer.o)
 .text          0x20008760        0x0 /Applications/ArmGNUToolchain/14.2.rel1/arm-none-eabi/bin/../lib/gcc/arm-none-eabi/14.2.1/../../../../arm-none-eabi/lib/thumb/v7e-m+fp/hard/libc_nano.a(libc_a-msizer.o)
 *(.text.*)
 .text.pow      0x20008760       0xf0 /Applications/ArmGNUToolchain/14.2.rel1/arm-none-eabi/bin/../lib/gcc/arm-none-eabi/14.2.1/../../../../arm-none-eabi/lib/thumb/v7e-m+fp/hard/libm.a(libm_a-w_pow.o)
                0x20008760                pow
 .text.finite   0x20008850       0x18 /Applications/ArmGNUToolchain/14.2.rel1/arm-none-eabi/bin/../lib/gcc/arm-none-eabi/14.2.1/../../../../arm-none-eabi/lib/thumb/v7e-m+fp/hard/libm.a(libm_a-s_finite.o)
                0x20008850                finite
 .text.__ieee754_pow
                0x20008868      0xc7c /Applications/ArmGNUToolchain/14.2.rel1/arm-none-eabi/bin/../lib/gcc/arm-none-eabi/14.2.1/../../../../arm-none-eabi/lib/thumb/v7e-m+fp/hard/libm.a(libm_a-e_pow.o)
                0x20008868                __ieee754_pow
 .text.with_errno
                0x200094e4       0x24 /Applications/ArmGNUToolchain/14.2.rel1/arm-none-eabi/bin/../lib/gcc/arm-none-eabi/14.2.1/../../../../arm-none-eabi/lib/thumb/v7e-m+fp/hard/libm.a(libm_a-math_err.o)
 .text.xflow    0x20009508       0x34 /Applications/ArmGNUToolchain/14.2.rel1/arm-none-eabi/bin/../lib/gcc/arm-none-eabi/14.2.1/../../../../arm-none-eabi/lib/thumb/v7e-m+fp/hard/libm.a(libm_a-math_err.o)
 *fill*         0x2000953c        0x4 
 .text.__math_uflow
                0x20009540       0x10 /Applications/ArmGNUToolchain/14.2.rel1/arm-none-eabi/bin/../lib/gcc/arm-none-eabi/14.2.1/../../../../arm-none-eabi/lib/thumb/v7e-m+fp/hard/libm.a(libm_a-math_err.o)
                0x20009540                __math_uflow
 .text.__math_may_uflow
                0x20009550       0x10 /Applications/ArmGNUToolchain/14.2.rel1/arm-none-eabi/bin/../lib/gcc/arm-none-eabi/14.2.1/../../../../arm-none-eabi/lib/thumb/v7e-m+fp/hard/libm.a(libm_a-math_err.o)
                0x20009550                __math_may_uflow
 .text.__math_oflow
                0x20009560       0x10 /Applications/ArmGNUToolchain/14.2.rel1/arm-none-eabi/bin/../lib/gcc/arm-none-eabi/14.2.1/../../../../arm-none-eabi/lib/thumb/v7e-m+fp/hard/libm.a(libm_a-math_err.o)
                0x20009560                __math_oflow
 .text.__math_divzero
                0x20009570       0x38 /Applications/ArmGNUToolchain/14.2.rel1/arm-none-eabi/bin/../lib/gcc/arm-none-eabi/14.2.1/../../../../arm-none-eabi/lib/thumb/v7e-m+fp/hard/libm.a(libm_a-math_err.o)
                0x20009570                __math_divzero
 .text.__math_invalid
                0x200095a8       0x4c /Applications/ArmGNUToolchain/14.2.rel1/arm-none-eabi/bin/../lib/gcc/arm-none-eabi/14.2.1/../../../../arm-none-eabi/lib/thumb/v7e-m+fp/hard/libm.a(libm_a-math_err.o)
                0x200095a8                __math_invalid
 .text.__math_check_uflow
                0x200095f4       0x38 /Applications/ArmGNUToolchain/14.2.rel1/arm-none-eabi/bin/../lib/gcc/arm-none-eabi/14.2.1/../../../../arm-none-eabi/lib/thumb/v7e-m+fp/hard/libm.a(libm_a-math_err.o)
                0x200095f4                __math_check_uflow
 .text.__math_check_oflow
                0x2000962c       0x44 /Applications/ArmGNUToolchain/14.2.rel1/arm-none-eabi/bin/../lib/gcc/arm-none-eabi/14.2.1/../../../../arm-none-eabi/lib/thumb/v7e-m+fp/hard/libm.a(libm_a-math_err.o)
                0x2000962c                __math_check_oflow
 .text.fabs     0x20009670       0x10 /Applications/ArmGNUToolchain/14.2.rel1/arm-none-eabi/bin/../lib/gcc/arm-none-eabi/14.2.1/../../../../arm-none-eabi/lib/thumb/v7e-m+fp/hard/libm.a(libm_a-s_fabs.o)
                0x20009670                fabs
 .text.scalbn   0x20009680      0x114 /Applications/ArmGNUToolchain/14.2.rel1/arm-none-eabi/bin/../lib/gcc/arm-none-eabi/14.2.1/../../../../arm-none-eabi/lib/thumb/v7e-m+fp/hard/libm.a(libm_a-s_scalbn.o)
                0x20009680                scalbn
 .text.__ieee754_sqrt
                0x20009794      0x1f0 /Applications/ArmGNUToolchain/14.2.rel1/arm-none-eabi/bin/../lib/gcc/arm-none-eabi/14.2.1/../../../../arm-none-eabi/lib/thumb/v7e-m+fp/hard/libm.a(libm_a-e_sqrt.o)
                0x20009794                __ieee754_sqrt
 .text.atoi     0x20009984        0x8 /Applications/ArmGNUToolchain/14.2.rel1/arm-none-eabi/bin/../lib/gcc/arm-none-eabi/14.2.1/../../../../arm-none-eabi/lib/thumb/v7e-m+fp/hard/libc_nano.a(libc_a-atoi.o)
                0x20009984                atoi
 .text._atoi_r  0x2000998c        0x8 /Applications/ArmGNUToolchain/14.2.rel1/arm-none-eabi/bin/../lib/gcc/arm-none-eabi/14.2.1/../../../../arm-none-eabi/lib/thumb/v7e-m+fp/hard/libc_nano.a(libc_a-atoi.o)
                0x2000998c                _atoi_r
 .text._vsnprintf_r
                0x20009994       0x5c /Applications/ArmGNUToolchain/14.2.rel1/arm-none-eabi/bin/../lib/gcc/arm-none-eabi/14.2.1/../../../../arm-none-eabi/lib/thumb/v7e-m+fp/hard/libc_nano.a(libc_a-vsnprintf.o)
                0x20009994                _vsnprintf_r
                0x20009994                _vsniprintf_r
 .text.vsnprintf
                0x200099f0       0x1c /Applications/ArmGNUToolchain/14.2.rel1/arm-none-eabi/bin/../lib/gcc/arm-none-eabi/14.2.1/../../../../arm-none-eabi/lib/thumb/v7e-m+fp/hard/libc_nano.a(libc_a-vsnprintf.o)
                0x200099f0                vsnprintf
                0x200099f0                vsniprintf
 .text._strtol_l.isra.0
                0x20009a0c       0xf4 /Applications/ArmGNUToolchain/14.2.rel1/arm-none-eabi/bin/../lib/gcc/arm-none-eabi/14.2.1/../../../../arm-none-eabi/lib/thumb/v7e-m+fp/hard/libc_nano.a(libc_a-strtol.o)
 .text._strtol_r
                0x20009b00        0x4 /Applications/ArmGNUToolchain/14.2.rel1/arm-none-eabi/bin/../lib/gcc/arm-none-eabi/14.2.1/../../../../arm-none-eabi/lib/thumb/v7e-m+fp/hard/libc_nano.a(libc_a-strtol.o)
                0x20009b00                _strtol_r
 .text.strtol_l
                0x20009b04       0x14 /Applications/ArmGNUToolchain/14.2.rel1/arm-none-eabi/bin/../lib/gcc/arm-none-eabi/14.2.1/../../../../arm-none-eabi/lib/thumb/v7e-m+fp/hard/libc_nano.a(libc_a-strtol.o)
                0x20009b04                strtol_l
 .text.strtol   0x20009b18       0x14 /Applications/ArmGNUToolchain/14.2.rel1/arm-none-eabi/bin/../lib/gcc/arm-none-eabi/14.2.1/../../../../arm-none-eabi/lib/thumb/v7e-m+fp/hard/libc_nano.a(libc_a-strtol.o)
                0x20009b18                strtol
 .text.memset   0x20009b2c       0x10 /Applications/ArmGNUToolchain/14.2.rel1/arm-none-eabi/bin/../lib/gcc/arm-none-eabi/14.2.1/../../../../arm-none-eabi/lib/thumb/v7e-m+fp/hard/libc_nano.a(libc_a-memset.o)
                0x20009b2c                memset
 .text.__errno  0x20009b3c        0xc /Applications/ArmGNUToolchain/14.2.rel1/arm-none-eabi/bin/../lib/gcc/arm-none-eabi/14.2.1/../../../../arm-none-eabi/lib/thumb/v7e-m+fp/hard/libc_nano.a(libc_a-errno.o)
                0x20009b3c                __errno
 .text.__ssputs_r
                0x20009b48       0xc0 /Applications/ArmGNUToolchain/14.2.rel1/arm-none-eabi/bin/../lib/gcc/arm-none-eabi/14.2.1/../../../../arm-none-eabi/lib/thumb/v7e-m+fp/hard/libc_nano.a(libc_a-nano-svfprintf.o)
                0x20009b48                __ssputs_r
 .text.__ssprint_r
                0x20009c08       0xf4 /Applications/ArmGNUToolchain/14.2.rel1/arm-none-eabi/bin/../lib/gcc/arm-none-eabi/14.2.1/../../../../arm-none-eabi/lib/thumb/v7e-m+fp/hard/libc_nano.a(libc_a-nano-svfprintf.o)
                0x20009c08                __ssprint_r
 .text._svfprintf_r
                0x20009cfc      0x1f8 /Applications/ArmGNUToolchain/14.2.rel1/arm-none-eabi/bin/../lib/gcc/arm-none-eabi/14.2.1/../../../../arm-none-eabi/lib/thumb/v7e-m+fp/hard/libc_nano.a(libc_a-nano-svfprintf.o)
                0x20009cfc                _svfprintf_r
                0x20009cfc                _svfiprintf_r
 .text.sbrk_aligned
                0x20009ef4       0x44 /Applications/ArmGNUToolchain/14.2.rel1/arm-none-eabi/bin/../lib/gcc/arm-none-eabi/14.2.1/../../../../arm-none-eabi/lib/thumb/v7e-m+fp/hard/libc_nano.a(libc_a-mallocr.o)
 .text._malloc_r
                0x20009f38      0x100 /Applications/ArmGNUToolchain/14.2.rel1/arm-none-eabi/bin/../lib/gcc/arm-none-eabi/14.2.1/../../../../arm-none-eabi/lib/thumb/v7e-m+fp/hard/libc_nano.a(libc_a-mallocr.o)
                0x20009f38                _malloc_r
 .text._printf_common
                0x2000a038       0xda /Applications/ArmGNUToolchain/14.2.rel1/arm-none-eabi/bin/../lib/gcc/arm-none-eabi/14.2.1/../../../../arm-none-eabi/lib/thumb/v7e-m+fp/hard/libc_nano.a(libc_a-nano-vfprintf_i.o)
                0x2000a038                _printf_common
 *fill*         0x2000a112        0x2 
 .text._printf_i
                0x2000a114      0x240 /Applications/ArmGNUToolchain/14.2.rel1/arm-none-eabi/bin/../lib/gcc/arm-none-eabi/14.2.1/../../../../arm-none-eabi/lib/thumb/v7e-m+fp/hard/libc_nano.a(libc_a-nano-vfprintf_i.o)
                0x2000a114                _printf_i
 .text.__malloc_lock
                0x2000a354        0xc /Applications/ArmGNUToolchain/14.2.rel1/arm-none-eabi/bin/../lib/gcc/arm-none-eabi/14.2.1/../../../../arm-none-eabi/lib/thumb/v7e-m+fp/hard/libc_nano.a(libc_a-mlock.o)
                0x2000a354                __malloc_lock
 .text.__malloc_unlock
                0x2000a360        0xc /Applications/ArmGNUToolchain/14.2.rel1/arm-none-eabi/bin/../lib/gcc/arm-none-eabi/14.2.1/../../../../arm-none-eabi/lib/thumb/v7e-m+fp/hard/libc_nano.a(libc_a-mlock.o)
                0x2000a360                __malloc_unlock
 .text._realloc_r
                0x2000a36c       0x5c /Applications/ArmGNUToolchain/14.2.rel1/arm-none-eabi/bin/../lib/gcc/arm-none-eabi/14.2.1/../../../../arm-none-eabi/lib/thumb/v7e-m+fp/hard/libc_nano.a(libc_a-reallocr.o)
                0x2000a36c                _realloc_r
 .text.memmove  0x2000a3c8       0x32 /Applications/ArmGNUToolchain/14.2.rel1/arm-none-eabi/bin/../lib/gcc/arm-none-eabi/14.2.1/../../../../arm-none-eabi/lib/thumb/v7e-m+fp/hard/libc_nano.a(libc_a-memmove.o)
                0x2000a3c8                memmove
 *fill*         0x2000a3fa        0x2 
 .text._sbrk_r  0x2000a3fc       0x20 /Applications/ArmGNUToolchain/14.2.rel1/arm-none-eabi/bin/../lib/gcc/arm-none-eabi/14.2.1/../../../../arm-none-eabi/lib/thumb/v7e-m+fp/hard/libc_nano.a(libc_a-sbrkr.o)
                0x2000a3fc                _sbrk_r
 .text.__retarget_lock_init
                0x2000a41c        0x2 /Applications/ArmGNUToolchain/14.2.rel1/arm-none-eabi/bin/../lib/gcc/arm-none-eabi/14.2.1/../../../../arm-none-eabi/lib/thumb/v7e-m+fp/hard/libc_nano.a(libc_a-lock.o)
                0x2000a41c                __retarget_lock_init
 .text.__retarget_lock_init_recursive
                0x2000a41e        0x2 /Applications/ArmGNUToolchain/14.2.rel1/arm-none-eabi/bin/../lib/gcc/arm-none-eabi/14.2.1/../../../../arm-none-eabi/lib/thumb/v7e-m+fp/hard/libc_nano.a(libc_a-lock.o)
                0x2000a41e                __retarget_lock_init_recursive
 .text.__retarget_lock_close
                0x2000a420        0x2 /Applications/ArmGNUToolchain/14.2.rel1/arm-none-eabi/bin/../lib/gcc/arm-none-eabi/14.2.1/../../../../arm-none-eabi/lib/thumb/v7e-m+fp/hard/libc_nano.a(libc_a-lock.o)
                0x2000a420                __retarget_lock_close
 .text.__retarget_lock_close_recursive
                0x2000a422        0x2 /Applications/ArmGNUToolchain/14.2.rel1/arm-none-eabi/bin/../lib/gcc/arm-none-eabi/14.2.1/../../../../arm-none-eabi/lib/thumb/v7e-m+fp/hard/libc_nano.a(libc_a-lock.o)
                0x2000a422                __retarget_lock_close_recursive
 .text.__retarget_lock_acquire
                0x2000a424        0x2 /Applications/ArmGNUToolchain/14.2.rel1/arm-none-eabi/bin/../lib/gcc/arm-none-eabi/14.2.1/../../../../arm-none-eabi/lib/thumb/v7e-m+fp/hard/libc_nano.a(libc_a-lock.o)
                0x2000a424                __retarget_lock_acquire
 .text.__retarget_lock_acquire_recursive
                0x2000a426        0x2 /Applications/ArmGNUToolchain/14.2.rel1/arm-none-eabi/bin/../lib/gcc/arm-none-eabi/14.2.1/../../../../arm-none-eabi/lib/thumb/v7e-m+fp/hard/libc_nano.a(libc_a-lock.o)
                0x2000a426                __retarget_lock_acquire_recursive
 .text.__retarget_lock_try_acquire
                0x2000a428        0x4 /Applications/ArmGNUToolchain/14.2.rel1/arm-none-eabi/bin/../lib/gcc/arm-none-eabi/14.2.1/../../../../arm-none-eabi/lib/thumb/v7e-m+fp/hard/libc_nano.a(libc_a-lock.o)
                0x2000a428                __retarget_lock_try_acquire
 .text.__retarget_lock_try_acquire_recursive
                0x2000a42c        0x4 /Applications/ArmGNUToolchain/14.2.rel1/arm-none-eabi/bin/../lib/gcc/arm-none-eabi/14.2.1/../../../../arm-none-eabi/lib/thumb/v7e-m+fp/hard/libc_nano.a(libc_a-lock.o)
                0x2000a42c                __retarget_lock_try_acquire_recursive
 .text.__retarget_lock_release
                0x2000a430        0x2 /Applications/ArmGNUToolchain/14.2.rel1/arm-none-eabi/bin/../lib/gcc/arm-none-eabi/14.2.1/../../../../arm-none-eabi/lib/thumb/v7e-m+fp/hard/libc_nano.a(libc_a-lock.o)
                0x2000a430                __retarget_lock_release
 .text.__retarget_lock_release_recursive
                0x2000a432        0x2 /Applications/ArmGNUToolchain/14.2.rel1/arm-none-eabi/bin/../lib/gcc/arm-none-eabi/14.2.1/../../../../arm-none-eabi/lib/thumb/v7e-m+fp/hard/libc_nano.a(libc_a-lock.o)
                0x2000a432                __retarget_lock_release_recursive
 .text._reclaim_reent
                0x2000a434       0xbc /Applications/ArmGNUToolchain/14.2.rel1/arm-none-eabi/bin/../lib/gcc/arm-none-eabi/14.2.1/../../../../arm-none-eabi/lib/thumb/v7e-m+fp/hard/libc_nano.a(libc_a-reent.o)
                0x2000a434                _reclaim_reent
 .text.memcpy   0x2000a4f0       0x1c /Applications/ArmGNUToolchain/14.2.rel1/arm-none-eabi/bin/../lib/gcc/arm-none-eabi/14.2.1/../../../../arm-none-eabi/lib/thumb/v7e-m+fp/hard/libc_nano.a(libc_a-memcpy-stub.o)
                0x2000a4f0                memcpy
 .text._free_r  0x2000a50c       0x94 /Applications/ArmGNUToolchain/14.2.rel1/arm-none-eabi/bin/../lib/gcc/arm-none-eabi/14.2.1/../../../../arm-none-eabi/lib/thumb/v7e-m+fp/hard/libc_nano.a(libc_a-freer.o)
                0x2000a50c                _free_r
 .text._malloc_usable_size_r
                0x2000a5a0       0x10 /Applications/ArmGNUToolchain/14.2.rel1/arm-none-eabi/bin/../lib/gcc/arm-none-eabi/14.2.1/../../../../arm-none-eabi/lib/thumb/v7e-m+fp/hard/libc_nano.a(libc_a-msizer.o)
                0x2000a5a0                _malloc_usable_size_r
 *(.rodata)
 .rodata        0x2000a5b0       0x23 ./Debug/sioTinyTimber.c.o
 *fill*         0x2000a5d3        0x1 
 .rodata        0x2000a5d4       0x8a ./Debug/canTinyTimber.c.o
 *fill*         0x2000a65e        0x2 
 .rodata        0x2000a660       0x81 ./Debug/TinyTimber.c.o
 *fill*         0x2000a6e1        0x3 
 .rodata        0x2000a6e4       0x2d ./Debug/BackgroundLoad.c.o
 *fill*         0x2000a711        0x3 
 .rodata        0x2000a714      0x4a4 ./Debug/application.c.o
                0x2000a930                modeInfo
                0x2000a954                offset
                0x2000a958                brotherJohnFrequencyIndices
                0x2000a9d8                brotherJohnBeatUnit
 .rodata        0x2000abb8       0x10 ./Debug/driver_src_stm32f4xx_rcc.c.o
 *(.rodata*)
 .rodata.tiny   0x2000abc8        0x8 /Applications/ArmGNUToolchain/14.2.rel1/arm-none-eabi/bin/../lib/gcc/arm-none-eabi/14.2.1/../../../../arm-none-eabi/lib/thumb/v7e-m+fp/hard/libm.a(libm_a-e_sqrt.o)
 .rodata.one    0x2000abd0        0x8 /Applications/ArmGNUToolchain/14.2.rel1/arm-none-eabi/bin/../lib/gcc/arm-none-eabi/14.2.1/../../../../arm-none-eabi/lib/thumb/v7e-m+fp/hard/libm.a(libm_a-e_sqrt.o)
 .rodata._ctype_
                0x2000abd8      0x101 /Applications/ArmGNUToolchain/14.2.rel1/arm-none-eabi/bin/../lib/gcc/arm-none-eabi/14.2.1/../../../../arm-none-eabi/lib/thumb/v7e-m+fp/hard/libc_nano.a(libc_a-ctype_.o)
                0x2000abd8                _ctype_
 .rodata._svfprintf_r.str1.1
                0x2000acd9       0x33 /Applications/ArmGNUToolchain/14.2.rel1/arm-none-eabi/bin/../lib/gcc/arm-none-eabi/14.2.1/../../../../arm-none-eabi/lib/thumb/v7e-m+fp/hard/libc_nano.a(libc_a-nano-svfprintf.o)
                                 0x11 (size before relaxing)
 .rodata._printf_i.str1.1
                0x2000ad0c       0x22 /Applications/ArmGNUToolchain/14.2.rel1/arm-none-eabi/bin/../lib/gcc/arm-none-eabi/14.2.1/../../../../arm-none-eabi/lib/thumb/v7e-m+fp/hard/libc_nano.a(libc_a-nano-vfprintf_i.o)
 *(.glue_7)
 .glue_7        0x2000ad0c        0x0 linker stubs
 *(.glue_7t)
 .glue_7t       0x2000ad0c        0x0 linker stubs
                0x2000ad30                        . = ALIGN (0x4)

.ARM.extab      0x2000ad0c        0x0
 .ARM.extab     0x2000ad0c        0x0 /Applications/ArmGNUToolchain/14.2.rel1/arm-none-eabi/bin/../lib/gcc/arm-none-eabi/14.2.1/../../../../arm-none-eabi/lib/thumb/v7e-m+fp/hard/libc_nano.a(libc_a-memchr.o)

.ARM.exidx      0x2000ad0c        0x8
 .ARM.exidx     0x2000ad0c        0x8 /Applications/ArmGNUToolchain/14.2.rel1/arm-none-eabi/bin/../lib/gcc/arm-none-eabi/14.2.1/../../../../arm-none-eabi/lib/thumb/v7e-m+fp/hard/libc_nano.a(libc_a-memchr.o)

.vfp11_veneer   0x2000ad14        0x0
 .vfp11_veneer  0x2000ad14        0x0 linker stubs

.v4_bx          0x2000ad14        0x0
 .v4_bx         0x2000ad14        0x0 linker stubs

.iplt           0x2000ad14        0x0
 .iplt          0x2000ad14        0x0 ./Debug/MusicPlayer.c.o

.rel.dyn        0x2000ad14        0x0
 .rel.iplt      0x2000ad14        0x0 ./Debug/MusicPlayer.c.o

.data           0x2000ad18     0x2844
                0x2000ad18                        . = ALIGN (0x4)
 *(.data)
 .data          0x2000ad18        0x0 ./Debug/MusicPlayer.c.o
 .data          0x2000ad18        0x0 ./Debug/sioTinyTimber.c.o
 .data          0x2000ad18        0x0 ./Debug/TimeMeasure.c.o
 .data          0x2000ad18        0x0 ./Debug/driver_src_stm32f4xx_usart.c.o
 .data          0x2000ad18        0x0 ./Debug/driver_src_stm32f4xx_tim.c.o
 .data          0x2000ad18        0x0 ./Debug/driver_src_stm32f4xx_gpio.c.o
 .data          0x2000ad18        0x0 ./Debug/driver_src_stm32f4xx_dac.c.o
 .data          0x2000ad18        0x0 ./Debug/driver_src_stm32f4xx_exti.c.o
 .data          0x2000ad18        0x0 ./Debug/canTinyTimber.c.o
 .data          0x2000ad18       0x84 ./Debug/dispatch.s.o
 .data          0x2000ad9c       0x24 ./Debug/TinyTimber.c.o
                0x2000ad9c                hex
                0x2000adb0                msgPool
                0x2000adb4                threadPool
                0x2000adb8                activeStack
                0x2000adbc                current
 .data          0x2000adc0        0x0 ./Debug/driver_src_stm32f4xx_can.c.o
 .data          0x2000adc0        0x0 ./Debug/startup.c.o
 .data          0x2000adc0        0x0 ./Debug/sciTinyTimber.c.o
 .data          0x2000adc0        0x0 ./Debug/BackgroundLoad.c.o
 .data          0x2000adc0        0x0 ./Debug/driver_src_stm32f4xx_syscfg.c.o
 .data          0x2000adc0     0x274c ./Debug/application.c.o
                0x2000adc0                storageForThreeHistory
                0x2000afe0                app
                0x2000b078                sci0
                0x2000b498                can0
                0x2000b510                timer1
                0x2000c4d8                timer2
                0x2000d4a0                toneGenerator
                0x2000d4c8                backgroundLoad
                0x2000d4ec                musicPlayer
 .data          0x2000d50c        0x0 ./Debug/ToneGenerator.c.o
 .data          0x2000d50c        0x0 ./Debug/driver_src_stm32f4xx_rcc.c.o
 .data          0x2000d50c        0x0 ./Debug/HashMap.c.o
 .data          0x2000d50c        0x0 ./Debug/Print.c.o
 .data          0x2000d50c        0x0 /Applications/ArmGNUToolchain/14.2.rel1/arm-none-eabi/bin/../lib/gcc/arm-none-eabi/14.2.1/../../../../arm-none-eabi/lib/thumb/v7e-m+fp/hard/libm.a(libm_a-w_pow.o)
 .data          0x2000d50c        0x0 /Applications/ArmGNUToolchain/14.2.rel1/arm-none-eabi/bin/../lib/gcc/arm-none-eabi/14.2.1/../../../../arm-none-eabi/lib/thumb/v7e-m+fp/hard/libm.a(libm_a-s_finite.o)
 .data          0x2000d50c        0x0 /Applications/ArmGNUToolchain/14.2.rel1/arm-none-eabi/bin/../lib/gcc/arm-none-eabi/14.2.1/../../../../arm-none-eabi/lib/thumb/v7e-m+fp/hard/libm.a(libm_a-e_pow.o)
 .data          0x2000d50c        0x0 /Applications/ArmGNUToolchain/14.2.rel1/arm-none-eabi/bin/../lib/gcc/arm-none-eabi/14.2.1/../../../../arm-none-eabi/lib/thumb/v7e-m+fp/hard/libm.a(libm_a-math_err.o)
 .data          0x2000d50c        0x0 /Applications/ArmGNUToolchain/14.2.rel1/arm-none-eabi/bin/../lib/gcc/arm-none-eabi/14.2.1/../../../../arm-none-eabi/lib/thumb/v7e-m+fp/hard/libm.a(libm_a-s_fabs.o)
 .data          0x2000d50c        0x0 /Applications/ArmGNUToolchain/14.2.rel1/arm-none-eabi/bin/../lib/gcc/arm-none-eabi/14.2.1/../../../../arm-none-eabi/lib/thumb/v7e-m+fp/hard/libm.a(libm_a-s_scalbn.o)
 .data          0x2000d50c        0x0 /Applications/ArmGNUToolchain/14.2.rel1/arm-none-eabi/bin/../lib/gcc/arm-none-eabi/14.2.1/../../../../arm-none-eabi/lib/thumb/v7e-m+fp/hard/libm.a(libm_a-e_sqrt.o)
 .data          0x2000d50c        0x0 /Applications/ArmGNUToolchain/14.2.rel1/arm-none-eabi/bin/../lib/gcc/arm-none-eabi/14.2.1/thumb/v7e-m+fp/hard/libgcc.a(_arm_muldf3.o)
 .data          0x2000d50c        0x0 /Applications/ArmGNUToolchain/14.2.rel1/arm-none-eabi/bin/../lib/gcc/arm-none-eabi/14.2.1/thumb/v7e-m+fp/hard/libgcc.a(_arm_addsubdf3.o)
 .data          0x2000d50c        0x0 /Applications/ArmGNUToolchain/14.2.rel1/arm-none-eabi/bin/../lib/gcc/arm-none-eabi/14.2.1/thumb/v7e-m+fp/hard/libgcc.a(_arm_muldivdf3.o)
 .data          0x2000d50c        0x0 /Applications/ArmGNUToolchain/14.2.rel1/arm-none-eabi/bin/../lib/gcc/arm-none-eabi/14.2.1/thumb/v7e-m+fp/hard/libgcc.a(_arm_cmpdf2.o)
 .data          0x2000d50c        0x0 /Applications/ArmGNUToolchain/14.2.rel1/arm-none-eabi/bin/../lib/gcc/arm-none-eabi/14.2.1/thumb/v7e-m+fp/hard/libgcc.a(_arm_unorddf2.o)
 .data          0x2000d50c        0x0 /Applications/ArmGNUToolchain/14.2.rel1/arm-none-eabi/bin/../lib/gcc/arm-none-eabi/14.2.1/thumb/v7e-m+fp/hard/libgcc.a(_arm_fixdfsi.o)
 .data          0x2000d50c        0x0 /Applications/ArmGNUToolchain/14.2.rel1/arm-none-eabi/bin/../lib/gcc/arm-none-eabi/14.2.1/../../../../arm-none-eabi/lib/thumb/v7e-m+fp/hard/libc_nano.a(libc_a-atoi.o)
 .data          0x2000d50c        0x0 /Applications/ArmGNUToolchain/14.2.rel1/arm-none-eabi/bin/../lib/gcc/arm-none-eabi/14.2.1/../../../../arm-none-eabi/lib/thumb/v7e-m+fp/hard/libc_nano.a(libc_a-vsnprintf.o)
 .data          0x2000d50c        0x0 /Applications/ArmGNUToolchain/14.2.rel1/arm-none-eabi/bin/../lib/gcc/arm-none-eabi/14.2.1/../../../../arm-none-eabi/lib/thumb/v7e-m+fp/hard/libc_nano.a(libc_a-strtol.o)
 .data          0x2000d50c        0x0 /Applications/ArmGNUToolchain/14.2.rel1/arm-none-eabi/bin/../lib/gcc/arm-none-eabi/14.2.1/../../../../arm-none-eabi/lib/thumb/v7e-m+fp/hard/libc_nano.a(libc_a-memset.o)
 .data          0x2000d50c        0x0 /Applications/ArmGNUToolchain/14.2.rel1/arm-none-eabi/bin/../lib/gcc/arm-none-eabi/14.2.1/../../../../arm-none-eabi/lib/thumb/v7e-m+fp/hard/libc_nano.a(libc_a-errno.o)
 .data          0x2000d50c        0x0 /Applications/ArmGNUToolchain/14.2.rel1/arm-none-eabi/bin/../lib/gcc/arm-none-eabi/14.2.1/../../../../arm-none-eabi/lib/thumb/v7e-m+fp/hard/libc_nano.a(libc_a-impure.o)
 .data          0x2000d50c        0x0 /Applications/ArmGNUToolchain/14.2.rel1/arm-none-eabi/bin/../lib/gcc/arm-none-eabi/14.2.1/../../../../arm-none-eabi/lib/thumb/v7e-m+fp/hard/libc_nano.a(libc_a-ctype_.o)
 .data          0x2000d50c        0x0 /Applications/ArmGNUToolchain/14.2.rel1/arm-none-eabi/bin/../lib/gcc/arm-none-eabi/14.2.1/../../../../arm-none-eabi/lib/thumb/v7e-m+fp/hard/libc_nano.a(libc_a-nano-svfprintf.o)
 .data          0x2000d50c        0x0 /Applications/ArmGNUToolchain/14.2.rel1/arm-none-eabi/bin/../lib/gcc/arm-none-eabi/14.2.1/../../../../arm-none-eabi/lib/thumb/v7e-m+fp/hard/libc_nano.a(libc_a-mallocr.o)
 .data          0x2000d50c        0x0 /Applications/ArmGNUToolchain/14.2.rel1/arm-none-eabi/bin/../lib/gcc/arm-none-eabi/14.2.1/../../../../arm-none-eabi/lib/thumb/v7e-m+fp/hard/libc_nano.a(libc_a-nano-vfprintf_i.o)
 .data          0x2000d50c        0x0 /Applications/ArmGNUToolchain/14.2.rel1/arm-none-eabi/bin/../lib/gcc/arm-none-eabi/14.2.1/../../../../arm-none-eabi/lib/thumb/v7e-m+fp/hard/libc_nano.a(libc_a-mlock.o)
 .data          0x2000d50c        0x0 /Applications/ArmGNUToolchain/14.2.rel1/arm-none-eabi/bin/../lib/gcc/arm-none-eabi/14.2.1/../../../../arm-none-eabi/lib/thumb/v7e-m+fp/hard/libc_nano.a(libc_a-reallocr.o)
 .data          0x2000d50c        0x0 /Applications/ArmGNUToolchain/14.2.rel1/arm-none-eabi/bin/../lib/gcc/arm-none-eabi/14.2.1/../../../../arm-none-eabi/lib/thumb/v7e-m+fp/hard/libc_nano.a(libc_a-memmove.o)
 .data          0x2000d50c        0x0 /Applications/ArmGNUToolchain/14.2.rel1/arm-none-eabi/bin/../lib/gcc/arm-none-eabi/14.2.1/../../../../arm-none-eabi/lib/thumb/v7e-m+fp/hard/libc_nano.a(libc_a-sbrkr.o)
 .data          0x2000d50c        0x0 /Applications/ArmGNUToolchain/14.2.rel1/arm-none-eabi/bin/../lib/gcc/arm-none-eabi/14.2.1/../../../../arm-none-eabi/lib/thumb/v7e-m+fp/hard/libc_nano.a(libc_a-lock.o)
 .data          0x2000d50c        0x0 /Applications/ArmGNUToolchain/14.2.rel1/arm-none-eabi/bin/../lib/gcc/arm-none-eabi/14.2.1/../../../../arm-none-eabi/lib/thumb/v7e-m+fp/hard/libc_nano.a(libc_a-reent.o)
 .data          0x2000d50c        0x0 /Applications/ArmGNUToolchain/14.2.rel1/arm-none-eabi/bin/../lib/gcc/arm-none-eabi/14.2.1/../../../../arm-none-eabi/lib/thumb/v7e-m+fp/hard/libc_nano.a(libc_a-memchr.o)
 .data          0x2000d50c        0x0 /Applications/ArmGNUToolchain/14.2.rel1/arm-none-eabi/bin/../lib/gcc/arm-none-eabi/14.2.1/../../../../arm-none-eabi/lib/thumb/v7e-m+fp/hard/libc_nano.a(libc_a-memcpy-stub.o)
 .data          0x2000d50c        0x0 /Applications/ArmGNUToolchain/14.2.rel1/arm-none-eabi/bin/../lib/gcc/arm-none-eabi/14.2.1/../../../../arm-none-eabi/lib/thumb/v7e-m+fp/hard/libc_nano.a(libc_a-freer.o)
 .data          0x2000d50c        0x0 /Applications/ArmGNUToolchain/14.2.rel1/arm-none-eabi/bin/../lib/gcc/arm-none-eabi/14.2.1/../../../../arm-none-eabi/lib/thumb/v7e-m+fp/hard/libc_nano.a(libc_a-msizer.o)
 *(.data.*)
 .data._impure_ptr
                0x2000d50c        0x4 /Applications/ArmGNUToolchain/14.2.rel1/arm-none-eabi/bin/../lib/gcc/arm-none-eabi/14.2.1/../../../../arm-none-eabi/lib/thumb/v7e-m+fp/hard/libc_nano.a(libc_a-impure.o)
                0x2000d50c                _impure_ptr
 .data._impure_data
                0x2000d510       0x4c /Applications/ArmGNUToolchain/14.2.rel1/arm-none-eabi/bin/../lib/gcc/arm-none-eabi/14.2.1/../../../../arm-none-eabi/lib/thumb/v7e-m+fp/hard/libc_nano.a(libc_a-impure.o)
                0x2000d510                _impure_data
                0x2000d55c                        . = ALIGN (0x4)

.igot.plt       0x2000d55c        0x0
 .igot.plt      0x2000d55c        0x0 ./Debug/MusicPlayer.c.o

.bss            0x2000d560     0x83f8
                0x2000d560                        . = ALIGN (0x4)
                0x2000d560                        _sbss = .
 *(.bss)
 .bss           0x2000d560        0x0 ./Debug/MusicPlayer.c.o
 .bss           0x2000d560        0x0 ./Debug/sioTinyTimber.c.o
 .bss           0x2000d560        0xc ./Debug/TimeMeasure.c.o
                0x2000d560                start
                0x2000d564                diff
                0x2000d568                finish
 .bss           0x2000d56c        0x0 ./Debug/driver_src_stm32f4xx_usart.c.o
 .bss           0x2000d56c        0x0 ./Debug/driver_src_stm32f4xx_tim.c.o
 .bss           0x2000d56c        0x0 ./Debug/driver_src_stm32f4xx_gpio.c.o
 .bss           0x2000d56c        0x0 ./Debug/driver_src_stm32f4xx_dac.c.o
 .bss           0x2000d56c        0x0 ./Debug/driver_src_stm32f4xx_exti.c.o
 .bss           0x2000d56c        0x0 ./Debug/canTinyTimber.c.o
 .bss           0x2000d56c        0x0 ./Debug/dispatch.s.o
 *fill*         0x2000d56c        0x4 
 .bss           0x2000d570     0x8370 ./Debug/TinyTimber.c.o
                0x2000d570                __heap_end
                0x2000d574                messages
                0x2000d844                threads
                0x2000d898                stacks
                0x20015898                thread0
                0x200158ac                msgQ
                0x200158b0                timerQ
                0x200158b4                runAsHardware
                0x200158b8                doIRQSchedule
                0x200158bc                timestamp
                0x200158c0                overflows
                0x200158c4                upcoming
                0x200158c8                mtable
                0x200158d4                otable
 .bss           0x200158e0        0x0 ./Debug/driver_src_stm32f4xx_can.c.o
 .bss           0x200158e0        0x0 ./Debug/startup.c.o
 .bss           0x200158e0        0x0 ./Debug/sciTinyTimber.c.o
 .bss           0x200158e0        0x0 ./Debug/BackgroundLoad.c.o
 .bss           0x200158e0        0x0 ./Debug/driver_src_stm32f4xx_syscfg.c.o
 .bss           0x200158e0       0x64 ./Debug/application.c.o
                0x200158e0                frequencies
 .bss           0x20015944        0x0 ./Debug/ToneGenerator.c.o
 .bss           0x20015944        0x0 ./Debug/driver_src_stm32f4xx_rcc.c.o
 .bss           0x20015944        0x0 ./Debug/HashMap.c.o
 .bss           0x20015944        0x0 ./Debug/Print.c.o
 .bss           0x20015944        0x0 /Applications/ArmGNUToolchain/14.2.rel1/arm-none-eabi/bin/../lib/gcc/arm-none-eabi/14.2.1/../../../../arm-none-eabi/lib/thumb/v7e-m+fp/hard/libm.a(libm_a-w_pow.o)
 .bss           0x20015944        0x0 /Applications/ArmGNUToolchain/14.2.rel1/arm-none-eabi/bin/../lib/gcc/arm-none-eabi/14.2.1/../../../../arm-none-eabi/lib/thumb/v7e-m+fp/hard/libm.a(libm_a-s_finite.o)
 .bss           0x20015944        0x0 /Applications/ArmGNUToolchain/14.2.rel1/arm-none-eabi/bin/../lib/gcc/arm-none-eabi/14.2.1/../../../../arm-none-eabi/lib/thumb/v7e-m+fp/hard/libm.a(libm_a-e_pow.o)
 .bss           0x20015944        0x0 /Applications/ArmGNUToolchain/14.2.rel1/arm-none-eabi/bin/../lib/gcc/arm-none-eabi/14.2.1/../../../../arm-none-eabi/lib/thumb/v7e-m+fp/hard/libm.a(libm_a-math_err.o)
 .bss           0x20015944        0x0 /Applications/ArmGNUToolchain/14.2.rel1/arm-none-eabi/bin/../lib/gcc/arm-none-eabi/14.2.1/../../../../arm-none-eabi/lib/thumb/v7e-m+fp/hard/libm.a(libm_a-s_fabs.o)
 .bss           0x20015944        0x0 /Applications/ArmGNUToolchain/14.2.rel1/arm-none-eabi/bin/../lib/gcc/arm-none-eabi/14.2.1/../../../../arm-none-eabi/lib/thumb/v7e-m+fp/hard/libm.a(libm_a-s_scalbn.o)
 .bss           0x20015944        0x0 /Applications/ArmGNUToolchain/14.2.rel1/arm-none-eabi/bin/../lib/gcc/arm-none-eabi/14.2.1/../../../../arm-none-eabi/lib/thumb/v7e-m+fp/hard/libm.a(libm_a-e_sqrt.o)
 .bss           0x20015944        0x0 /Applications/ArmGNUToolchain/14.2.rel1/arm-none-eabi/bin/../lib/gcc/arm-none-eabi/14.2.1/thumb/v7e-m+fp/hard/libgcc.a(_arm_muldf3.o)
 .bss           0x20015944        0x0 /Applications/ArmGNUToolchain/14.2.rel1/arm-none-eabi/bin/../lib/gcc/arm-none-eabi/14.2.1/thumb/v7e-m+fp/hard/libgcc.a(_arm_addsubdf3.o)
 .bss           0x20015944        0x0 /Applications/ArmGNUToolchain/14.2.rel1/arm-none-eabi/bin/../lib/gcc/arm-none-eabi/14.2.1/thumb/v7e-m+fp/hard/libgcc.a(_arm_muldivdf3.o)
 .bss           0x20015944        0x0 /Applications/ArmGNUToolchain/14.2.rel1/arm-none-eabi/bin/../lib/gcc/arm-none-eabi/14.2.1/thumb/v7e-m+fp/hard/libgcc.a(_arm_cmpdf2.o)
 .bss           0x20015944        0x0 /Applications/ArmGNUToolchain/14.2.rel1/arm-none-eabi/bin/../lib/gcc/arm-none-eabi/14.2.1/thumb/v7e-m+fp/hard/libgcc.a(_arm_unorddf2.o)
 .bss           0x20015944        0x0 /Applications/ArmGNUToolchain/14.2.rel1/arm-none-eabi/bin/../lib/gcc/arm-none-eabi/14.2.1/thumb/v7e-m+fp/hard/libgcc.a(_arm_fixdfsi.o)
 .bss           0x20015944        0x0 /Applications/ArmGNUToolchain/14.2.rel1/arm-none-eabi/bin/../lib/gcc/arm-none-eabi/14.2.1/../../../../arm-none-eabi/lib/thumb/v7e-m+fp/hard/libc_nano.a(libc_a-atoi.o)
 .bss           0x20015944        0x0 /Applications/ArmGNUToolchain/14.2.rel1/arm-none-eabi/bin/../lib/gcc/arm-none-eabi/14.2.1/../../../../arm-none-eabi/lib/thumb/v7e-m+fp/hard/libc_nano.a(libc_a-vsnprintf.o)
 .bss           0x20015944        0x0 /Applications/ArmGNUToolchain/14.2.rel1/arm-none-eabi/bin/../lib/gcc/arm-none-eabi/14.2.1/../../../../arm-none-eabi/lib/thumb/v7e-m+fp/hard/libc_nano.a(libc_a-strtol.o)
 .bss           0x20015944        0x0 /Applications/ArmGNUToolchain/14.2.rel1/arm-none-eabi/bin/../lib/gcc/arm-none-eabi/14.2.1/../../../../arm-none-eabi/lib/thumb/v7e-m+fp/hard/libc_nano.a(libc_a-memset.o)
 .bss           0x20015944        0x0 /Applications/ArmGNUToolchain/14.2.rel1/arm-none-eabi/bin/../lib/gcc/arm-none-eabi/14.2.1/../../../../arm-none-eabi/lib/thumb/v7e-m+fp/hard/libc_nano.a(libc_a-errno.o)
 .bss           0x20015944        0x0 /Applications/ArmGNUToolchain/14.2.rel1/arm-none-eabi/bin/../lib/gcc/arm-none-eabi/14.2.1/../../../../arm-none-eabi/lib/thumb/v7e-m+fp/hard/libc_nano.a(libc_a-impure.o)
 .bss           0x20015944        0x0 /Applications/ArmGNUToolchain/14.2.rel1/arm-none-eabi/bin/../lib/gcc/arm-none-eabi/14.2.1/../../../../arm-none-eabi/lib/thumb/v7e-m+fp/hard/libc_nano.a(libc_a-ctype_.o)
 .bss           0x20015944        0x0 /Applications/ArmGNUToolchain/14.2.rel1/arm-none-eabi/bin/../lib/gcc/arm-none-eabi/14.2.1/../../../../arm-none-eabi/lib/thumb/v7e-m+fp/hard/libc_nano.a(libc_a-nano-svfprintf.o)
 .bss           0x20015944        0x0 /Applications/ArmGNUToolchain/14.2.rel1/arm-none-eabi/bin/../lib/gcc/arm-none-eabi/14.2.1/../../../../arm-none-eabi/lib/thumb/v7e-m+fp/hard/libc_nano.a(libc_a-mallocr.o)
 .bss           0x20015944        0x0 /Applications/ArmGNUToolchain/14.2.rel1/arm-none-eabi/bin/../lib/gcc/arm-none-eabi/14.2.1/../../../../arm-none-eabi/lib/thumb/v7e-m+fp/hard/libc_nano.a(libc_a-nano-vfprintf_i.o)
 .bss           0x20015944        0x0 /Applications/ArmGNUToolchain/14.2.rel1/arm-none-eabi/bin/../lib/gcc/arm-none-eabi/14.2.1/../../../../arm-none-eabi/lib/thumb/v7e-m+fp/hard/libc_nano.a(libc_a-mlock.o)
 .bss           0x20015944        0x0 /Applications/ArmGNUToolchain/14.2.rel1/arm-none-eabi/bin/../lib/gcc/arm-none-eabi/14.2.1/../../../../arm-none-eabi/lib/thumb/v7e-m+fp/hard/libc_nano.a(libc_a-reallocr.o)
 .bss           0x20015944        0x0 /Applications/ArmGNUToolchain/14.2.rel1/arm-none-eabi/bin/../lib/gcc/arm-none-eabi/14.2.1/../../../../arm-none-eabi/lib/thumb/v7e-m+fp/hard/libc_nano.a(libc_a-memmove.o)
 .bss           0x20015944        0x0 /Applications/ArmGNUToolchain/14.2.rel1/arm-none-eabi/bin/../lib/gcc/arm-none-eabi/14.2.1/../../../../arm-none-eabi/lib/thumb/v7e-m+fp/hard/libc_nano.a(libc_a-sbrkr.o)
 .bss           0x20015944        0x0 /Applications/ArmGNUToolchain/14.2.rel1/arm-none-eabi/bin/../lib/gcc/arm-none-eabi/14.2.1/../../../../arm-none-eabi/lib/thumb/v7e-m+fp/hard/libc_nano.a(libc_a-lock.o)
 .bss           0x20015944        0x0 /Applications/ArmGNUToolchain/14.2.rel1/arm-none-eabi/bin/../lib/gcc/arm-none-eabi/14.2.1/../../../../arm-none-eabi/lib/thumb/v7e-m+fp/hard/libc_nano.a(libc_a-reent.o)
 .bss           0x20015944        0x0 /Applications/ArmGNUToolchain/14.2.rel1/arm-none-eabi/bin/../lib/gcc/arm-none-eabi/14.2.1/../../../../arm-none-eabi/lib/thumb/v7e-m+fp/hard/libc_nano.a(libc_a-memchr.o)
 .bss           0x20015944        0x0 /Applications/ArmGNUToolchain/14.2.rel1/arm-none-eabi/bin/../lib/gcc/arm-none-eabi/14.2.1/../../../../arm-none-eabi/lib/thumb/v7e-m+fp/hard/libc_nano.a(libc_a-memcpy-stub.o)
 .bss           0x20015944        0x0 /Applications/ArmGNUToolchain/14.2.rel1/arm-none-eabi/bin/../lib/gcc/arm-none-eabi/14.2.1/../../../../arm-none-eabi/lib/thumb/v7e-m+fp/hard/libc_nano.a(libc_a-freer.o)
 .bss           0x20015944        0x0 /Applications/ArmGNUToolchain/14.2.rel1/arm-none-eabi/bin/../lib/gcc/arm-none-eabi/14.2.1/../../../../arm-none-eabi/lib/thumb/v7e-m+fp/hard/libc_nano.a(libc_a-msizer.o)
 *(.bss.*)
 .bss.__malloc_sbrk_start
                0x20015944        0x4 /Applications/ArmGNUToolchain/14.2.rel1/arm-none-eabi/bin/../lib/gcc/arm-none-eabi/14.2.1/../../../../arm-none-eabi/lib/thumb/v7e-m+fp/hard/libc_nano.a(libc_a-mallocr.o)
                0x20015944                __malloc_sbrk_start
 .bss.__malloc_free_list
                0x20015948        0x4 /Applications/ArmGNUToolchain/14.2.rel1/arm-none-eabi/bin/../lib/gcc/arm-none-eabi/14.2.1/../../../../arm-none-eabi/lib/thumb/v7e-m+fp/hard/libc_nano.a(libc_a-mallocr.o)
                0x20015948                __malloc_free_list
 .bss.__lock___arc4random_mutex
                0x2001594c        0x1 /Applications/ArmGNUToolchain/14.2.rel1/arm-none-eabi/bin/../lib/gcc/arm-none-eabi/14.2.1/../../../../arm-none-eabi/lib/thumb/v7e-m+fp/hard/libc_nano.a(libc_a-lock.o)
                0x2001594c                __lock___arc4random_mutex
 .bss.__lock___dd_hash_mutex
                0x2001594d        0x1 /Applications/ArmGNUToolchain/14.2.rel1/arm-none-eabi/bin/../lib/gcc/arm-none-eabi/14.2.1/../../../../arm-none-eabi/lib/thumb/v7e-m+fp/hard/libc_nano.a(libc_a-lock.o)
                0x2001594d                __lock___dd_hash_mutex
 .bss.__lock___tz_mutex
                0x2001594e        0x1 /Applications/ArmGNUToolchain/14.2.rel1/arm-none-eabi/bin/../lib/gcc/arm-none-eabi/14.2.1/../../../../arm-none-eabi/lib/thumb/v7e-m+fp/hard/libc_nano.a(libc_a-lock.o)
                0x2001594e                __lock___tz_mutex
 .bss.__lock___env_recursive_mutex
                0x2001594f        0x1 /Applications/ArmGNUToolchain/14.2.rel1/arm-none-eabi/bin/../lib/gcc/arm-none-eabi/14.2.1/../../../../arm-none-eabi/lib/thumb/v7e-m+fp/hard/libc_nano.a(libc_a-lock.o)
                0x2001594f                __lock___env_recursive_mutex
 .bss.__lock___malloc_recursive_mutex
                0x20015950        0x1 /Applications/ArmGNUToolchain/14.2.rel1/arm-none-eabi/bin/../lib/gcc/arm-none-eabi/14.2.1/../../../../arm-none-eabi/lib/thumb/v7e-m+fp/hard/libc_nano.a(libc_a-lock.o)
                0x20015950                __lock___malloc_recursive_mutex
 .bss.__lock___at_quick_exit_mutex
                0x20015951        0x1 /Applications/ArmGNUToolchain/14.2.rel1/arm-none-eabi/bin/../lib/gcc/arm-none-eabi/14.2.1/../../../../arm-none-eabi/lib/thumb/v7e-m+fp/hard/libc_nano.a(libc_a-lock.o)
                0x20015951                __lock___at_quick_exit_mutex
 .bss.__lock___atexit_recursive_mutex
                0x20015952        0x1 /Applications/ArmGNUToolchain/14.2.rel1/arm-none-eabi/bin/../lib/gcc/arm-none-eabi/14.2.1/../../../../arm-none-eabi/lib/thumb/v7e-m+fp/hard/libc_nano.a(libc_a-lock.o)
                0x20015952                __lock___atexit_recursive_mutex
 .bss.__lock___sfp_recursive_mutex
                0x20015953        0x1 /Applications/ArmGNUToolchain/14.2.rel1/arm-none-eabi/bin/../lib/gcc/arm-none-eabi/14.2.1/../../../../arm-none-eabi/lib/thumb/v7e-m+fp/hard/libc_nano.a(libc_a-lock.o)
                0x20015953                __lock___sfp_recursive_mutex
 .bss.errno     0x20015954        0x4 /Applications/ArmGNUToolchain/14.2.rel1/arm-none-eabi/bin/../lib/gcc/arm-none-eabi/14.2.1/../../../../arm-none-eabi/lib/thumb/v7e-m+fp/hard/libc_nano.a(libc_a-reent.o)
                0x20015954                errno
 *(COMMON)
                0x20015958                        . = ALIGN (0x4)
                0x20015958                        _ebss = .
                0x20015958                        PROVIDE (end = _ebss)
                [!provide]                        PROVIDE (_end = _ebss)
OUTPUT(./Debug/RTS-Lab.elf elf32-littlearm)
LOAD linker stubs

.debug_info     0x00000000     0xc316
 .debug_info    0x00000000      0x61f ./Debug/MusicPlayer.c.o
 .debug_info    0x0000061f      0xae6 ./Debug/sioTinyTimber.c.o
 .debug_info    0x00001105      0x424 ./Debug/TimeMeasure.c.o
 .debug_info    0x00001529      0x9be ./Debug/driver_src_stm32f4xx_usart.c.o
 .debug_info    0x00001ee7     0x1bf1 ./Debug/driver_src_stm32f4xx_tim.c.o
 .debug_info    0x00003ad8      0x608 ./Debug/driver_src_stm32f4xx_gpio.c.o
 .debug_info    0x000040e0      0x61b ./Debug/driver_src_stm32f4xx_dac.c.o
 .debug_info    0x000046fb      0x31b ./Debug/driver_src_stm32f4xx_exti.c.o
 .debug_info    0x00004a16      0xe78 ./Debug/canTinyTimber.c.o
 .debug_info    0x0000588e     0x18b3 ./Debug/TinyTimber.c.o
 .debug_info    0x00007141      0xb71 ./Debug/driver_src_stm32f4xx_can.c.o
 .debug_info    0x00007cb2      0xc29 ./Debug/startup.c.o
 .debug_info    0x000088db      0xa14 ./Debug/sciTinyTimber.c.o
 .debug_info    0x000092ef      0x56c ./Debug/BackgroundLoad.c.o
 .debug_info    0x0000985b      0x284 ./Debug/driver_src_stm32f4xx_syscfg.c.o
 .debug_info    0x00009adf     0x11c7 ./Debug/application.c.o
 .debug_info    0x0000aca6      0x50a ./Debug/ToneGenerator.c.o
 .debug_info    0x0000b1b0      0xda3 ./Debug/driver_src_stm32f4xx_rcc.c.o
 .debug_info    0x0000bf53       0x73 ./Debug/HashMap.c.o
 .debug_info    0x0000bfc6      0x350 ./Debug/Print.c.o

.debug_abbrev   0x00000000     0x2bf8
 .debug_abbrev  0x00000000      0x20b ./Debug/MusicPlayer.c.o
 .debug_abbrev  0x0000020b      0x2bb ./Debug/sioTinyTimber.c.o
 .debug_abbrev  0x000004c6      0x1f8 ./Debug/TimeMeasure.c.o
 .debug_abbrev  0x000006be      0x1af ./Debug/driver_src_stm32f4xx_usart.c.o
 .debug_abbrev  0x0000086d      0x1cc ./Debug/driver_src_stm32f4xx_tim.c.o
 .debug_abbrev  0x00000a39      0x1ec ./Debug/driver_src_stm32f4xx_gpio.c.o
 .debug_abbrev  0x00000c25      0x1c0 ./Debug/driver_src_stm32f4xx_dac.c.o
 .debug_abbrev  0x00000de5      0x1d1 ./Debug/driver_src_stm32f4xx_exti.c.o
 .debug_abbrev  0x00000fb6      0x2c8 ./Debug/canTinyTimber.c.o
 .debug_abbrev  0x0000127e      0x536 ./Debug/TinyTimber.c.o
 .debug_abbrev  0x000017b4      0x240 ./Debug/driver_src_stm32f4xx_can.c.o
 .debug_abbrev  0x000019f4      0x2c3 ./Debug/startup.c.o
 .debug_abbrev  0x00001cb7      0x2c0 ./Debug/sciTinyTimber.c.o
 .debug_abbrev  0x00001f77      0x1f3 ./Debug/BackgroundLoad.c.o
 .debug_abbrev  0x0000216a      0x161 ./Debug/driver_src_stm32f4xx_syscfg.c.o
 .debug_abbrev  0x000022cb      0x380 ./Debug/application.c.o
 .debug_abbrev  0x0000264b      0x1db ./Debug/ToneGenerator.c.o
 .debug_abbrev  0x00002826      0x1df ./Debug/driver_src_stm32f4xx_rcc.c.o
 .debug_abbrev  0x00002a05       0x26 ./Debug/HashMap.c.o
 .debug_abbrev  0x00002a2b      0x1cd ./Debug/Print.c.o

.debug_aranges  0x00000000      0x280
 .debug_aranges
                0x00000000       0x20 ./Debug/MusicPlayer.c.o
 .debug_aranges
                0x00000020       0x20 ./Debug/sioTinyTimber.c.o
 .debug_aranges
                0x00000040       0x20 ./Debug/TimeMeasure.c.o
 .debug_aranges
                0x00000060       0x20 ./Debug/driver_src_stm32f4xx_usart.c.o
 .debug_aranges
                0x00000080       0x20 ./Debug/driver_src_stm32f4xx_tim.c.o
 .debug_aranges
                0x000000a0       0x20 ./Debug/driver_src_stm32f4xx_gpio.c.o
 .debug_aranges
                0x000000c0       0x20 ./Debug/driver_src_stm32f4xx_dac.c.o
 .debug_aranges
                0x000000e0       0x20 ./Debug/driver_src_stm32f4xx_exti.c.o
 .debug_aranges
                0x00000100       0x20 ./Debug/canTinyTimber.c.o
 .debug_aranges
                0x00000120       0x20 ./Debug/TinyTimber.c.o
 .debug_aranges
                0x00000140       0x20 ./Debug/driver_src_stm32f4xx_can.c.o
 .debug_aranges
                0x00000160       0x28 ./Debug/startup.c.o
 .debug_aranges
                0x00000188       0x20 ./Debug/sciTinyTimber.c.o
 .debug_aranges
                0x000001a8       0x20 ./Debug/BackgroundLoad.c.o
 .debug_aranges
                0x000001c8       0x20 ./Debug/driver_src_stm32f4xx_syscfg.c.o
 .debug_aranges
                0x000001e8       0x20 ./Debug/application.c.o
 .debug_aranges
                0x00000208       0x20 ./Debug/ToneGenerator.c.o
 .debug_aranges
                0x00000228       0x20 ./Debug/driver_src_stm32f4xx_rcc.c.o
 .debug_aranges
                0x00000248       0x18 ./Debug/HashMap.c.o
 .debug_aranges
                0x00000260       0x20 ./Debug/Print.c.o

.debug_line     0x00000000     0x6178
 .debug_line    0x00000000      0x2a0 ./Debug/MusicPlayer.c.o
 .debug_line    0x000002a0      0x31f ./Debug/sioTinyTimber.c.o
 .debug_line    0x000005bf      0x282 ./Debug/TimeMeasure.c.o
 .debug_line    0x00000841      0x641 ./Debug/driver_src_stm32f4xx_usart.c.o
 .debug_line    0x00000e82      0xcb0 ./Debug/driver_src_stm32f4xx_tim.c.o
 .debug_line    0x00001b32      0x48f ./Debug/driver_src_stm32f4xx_gpio.c.o
 .debug_line    0x00001fc1      0x44c ./Debug/driver_src_stm32f4xx_dac.c.o
 .debug_line    0x0000240d      0x363 ./Debug/driver_src_stm32f4xx_exti.c.o
 .debug_line    0x00002770      0x453 ./Debug/canTinyTimber.c.o
 .debug_line    0x00002bc3      0xb21 ./Debug/TinyTimber.c.o
 .debug_line    0x000036e4      0xa20 ./Debug/driver_src_stm32f4xx_can.c.o
 .debug_line    0x00004104      0x40b ./Debug/startup.c.o
 .debug_line    0x0000450f      0x375 ./Debug/sciTinyTimber.c.o
 .debug_line    0x00004884      0x2a3 ./Debug/BackgroundLoad.c.o
 .debug_line    0x00004b27      0x2bc ./Debug/driver_src_stm32f4xx_syscfg.c.o
 .debug_line    0x00004de3      0x5c4 ./Debug/application.c.o
 .debug_line    0x000053a7      0x287 ./Debug/ToneGenerator.c.o
 .debug_line    0x0000562e      0x833 ./Debug/driver_src_stm32f4xx_rcc.c.o
 .debug_line    0x00005e61       0x74 ./Debug/HashMap.c.o
 .debug_line    0x00005ed5      0x2a3 ./Debug/Print.c.o

.debug_str      0x00000000     0x3b3e
 .debug_str     0x00000000     0x3b3e ./Debug/MusicPlayer.c.o
                                0x3eb (size before relaxing)
 .debug_str     0x00003b3e      0xa64 ./Debug/sioTinyTimber.c.o
 .debug_str     0x00003b3e      0x315 ./Debug/TimeMeasure.c.o
 .debug_str     0x00003b3e      0x6fe ./Debug/driver_src_stm32f4xx_usart.c.o
 .debug_str     0x00003b3e      0xe2d ./Debug/driver_src_stm32f4xx_tim.c.o
 .debug_str     0x00003b3e      0x4f9 ./Debug/driver_src_stm32f4xx_gpio.c.o
 .debug_str     0x00003b3e      0x499 ./Debug/driver_src_stm32f4xx_dac.c.o
 .debug_str     0x00003b3e      0x37b ./Debug/driver_src_stm32f4xx_exti.c.o
 .debug_str     0x00003b3e      0xaca ./Debug/canTinyTimber.c.o
 .debug_str     0x00003b3e      0xd84 ./Debug/TinyTimber.c.o
 .debug_str     0x00003b3e      0x784 ./Debug/driver_src_stm32f4xx_can.c.o
 .debug_str     0x00003b3e      0x901 ./Debug/startup.c.o
 .debug_str     0x00003b3e      0x923 ./Debug/sciTinyTimber.c.o
 .debug_str     0x00003b3e      0x383 ./Debug/BackgroundLoad.c.o
 .debug_str     0x00003b3e      0x354 ./Debug/driver_src_stm32f4xx_syscfg.c.o
 .debug_str     0x00003b3e      0x7da ./Debug/application.c.o
 .debug_str     0x00003b3e      0x361 ./Debug/ToneGenerator.c.o
 .debug_str     0x00003b3e      0x9c4 ./Debug/driver_src_stm32f4xx_rcc.c.o
 .debug_str     0x00003b3e      0x1a0 ./Debug/HashMap.c.o
 .debug_str     0x00003b3e      0x2bb ./Debug/Print.c.o

.comment        0x00000000       0x45
 .comment       0x00000000       0x45 ./Debug/MusicPlayer.c.o
                                 0x46 (size before relaxing)
 .comment       0x00000045       0x46 ./Debug/sioTinyTimber.c.o
 .comment       0x00000045       0x46 ./Debug/TimeMeasure.c.o
 .comment       0x00000045       0x46 ./Debug/driver_src_stm32f4xx_usart.c.o
 .comment       0x00000045       0x46 ./Debug/driver_src_stm32f4xx_tim.c.o
 .comment       0x00000045       0x46 ./Debug/driver_src_stm32f4xx_gpio.c.o
 .comment       0x00000045       0x46 ./Debug/driver_src_stm32f4xx_dac.c.o
 .comment       0x00000045       0x46 ./Debug/driver_src_stm32f4xx_exti.c.o
 .comment       0x00000045       0x46 ./Debug/canTinyTimber.c.o
 .comment       0x00000045       0x46 ./Debug/TinyTimber.c.o
 .comment       0x00000045       0x46 ./Debug/driver_src_stm32f4xx_can.c.o
 .comment       0x00000045       0x46 ./Debug/startup.c.o
 .comment       0x00000045       0x46 ./Debug/sciTinyTimber.c.o
 .comment       0x00000045       0x46 ./Debug/BackgroundLoad.c.o
 .comment       0x00000045       0x46 ./Debug/driver_src_stm32f4xx_syscfg.c.o
 .comment       0x00000045       0x46 ./Debug/application.c.o
 .comment       0x00000045       0x46 ./Debug/ToneGenerator.c.o
 .comment       0x00000045       0x46 ./Debug/driver_src_stm32f4xx_rcc.c.o
 .comment       0x00000045       0x46 ./Debug/HashMap.c.o
 .comment       0x00000045       0x46 ./Debug/Print.c.o

.ARM.attributes
                0x00000000       0x32
 .ARM.attributes
                0x00000000       0x34 ./Debug/MusicPlayer.c.o
 .ARM.attributes
                0x00000034       0x34 ./Debug/sioTinyTimber.c.o
 .ARM.attributes
                0x00000068       0x34 ./Debug/TimeMeasure.c.o
 .ARM.attributes
                0x0000009c       0x34 ./Debug/driver_src_stm32f4xx_usart.c.o
 .ARM.attributes
                0x000000d0       0x34 ./Debug/driver_src_stm32f4xx_tim.c.o
 .ARM.attributes
                0x00000104       0x34 ./Debug/driver_src_stm32f4xx_gpio.c.o
 .ARM.attributes
                0x00000138       0x34 ./Debug/driver_src_stm32f4xx_dac.c.o
 .ARM.attributes
                0x0000016c       0x34 ./Debug/driver_src_stm32f4xx_exti.c.o
 .ARM.attributes
                0x000001a0       0x34 ./Debug/canTinyTimber.c.o
 .ARM.attributes
                0x000001d4       0x25 ./Debug/dispatch.s.o
 .ARM.attributes
                0x000001f9       0x34 ./Debug/TinyTimber.c.o
 .ARM.attributes
                0x0000022d       0x34 ./Debug/driver_src_stm32f4xx_can.c.o
 .ARM.attributes
                0x00000261       0x34 ./Debug/startup.c.o
 .ARM.attributes
                0x00000295       0x34 ./Debug/sciTinyTimber.c.o
 .ARM.attributes
                0x000002c9       0x34 ./Debug/BackgroundLoad.c.o
 .ARM.attributes
                0x000002fd       0x34 ./Debug/driver_src_stm32f4xx_syscfg.c.o
 .ARM.attributes
                0x00000331       0x34 ./Debug/application.c.o
 .ARM.attributes
                0x00000365       0x34 ./Debug/ToneGenerator.c.o
 .ARM.attributes
                0x00000399       0x34 ./Debug/driver_src_stm32f4xx_rcc.c.o
 .ARM.attributes
                0x000003cd       0x34 ./Debug/HashMap.c.o
 .ARM.attributes
                0x00000401       0x34 ./Debug/Print.c.o
 .ARM.attributes
                0x00000435       0x34 /Applications/ArmGNUToolchain/14.2.rel1/arm-none-eabi/bin/../lib/gcc/arm-none-eabi/14.2.1/../../../../arm-none-eabi/lib/thumb/v7e-m+fp/hard/libm.a(libm_a-w_pow.o)
 .ARM.attributes
                0x00000469       0x34 /Applications/ArmGNUToolchain/14.2.rel1/arm-none-eabi/bin/../lib/gcc/arm-none-eabi/14.2.1/../../../../arm-none-eabi/lib/thumb/v7e-m+fp/hard/libm.a(libm_a-s_finite.o)
 .ARM.attributes
                0x0000049d       0x34 /Applications/ArmGNUToolchain/14.2.rel1/arm-none-eabi/bin/../lib/gcc/arm-none-eabi/14.2.1/../../../../arm-none-eabi/lib/thumb/v7e-m+fp/hard/libm.a(libm_a-e_pow.o)
 .ARM.attributes
                0x000004d1       0x34 /Applications/ArmGNUToolchain/14.2.rel1/arm-none-eabi/bin/../lib/gcc/arm-none-eabi/14.2.1/../../../../arm-none-eabi/lib/thumb/v7e-m+fp/hard/libm.a(libm_a-math_err.o)
 .ARM.attributes
                0x00000505       0x34 /Applications/ArmGNUToolchain/14.2.rel1/arm-none-eabi/bin/../lib/gcc/arm-none-eabi/14.2.1/../../../../arm-none-eabi/lib/thumb/v7e-m+fp/hard/libm.a(libm_a-s_fabs.o)
 .ARM.attributes
                0x00000539       0x34 /Applications/ArmGNUToolchain/14.2.rel1/arm-none-eabi/bin/../lib/gcc/arm-none-eabi/14.2.1/../../../../arm-none-eabi/lib/thumb/v7e-m+fp/hard/libm.a(libm_a-s_scalbn.o)
 .ARM.attributes
                0x0000056d       0x34 /Applications/ArmGNUToolchain/14.2.rel1/arm-none-eabi/bin/../lib/gcc/arm-none-eabi/14.2.1/../../../../arm-none-eabi/lib/thumb/v7e-m+fp/hard/libm.a(libm_a-e_sqrt.o)
 .ARM.attributes
                0x000005a1       0x22 /Applications/ArmGNUToolchain/14.2.rel1/arm-none-eabi/bin/../lib/gcc/arm-none-eabi/14.2.1/thumb/v7e-m+fp/hard/libgcc.a(_arm_muldf3.o)
 .ARM.attributes
                0x000005c3       0x22 /Applications/ArmGNUToolchain/14.2.rel1/arm-none-eabi/bin/../lib/gcc/arm-none-eabi/14.2.1/thumb/v7e-m+fp/hard/libgcc.a(_arm_addsubdf3.o)
 .ARM.attributes
                0x000005e5       0x22 /Applications/ArmGNUToolchain/14.2.rel1/arm-none-eabi/bin/../lib/gcc/arm-none-eabi/14.2.1/thumb/v7e-m+fp/hard/libgcc.a(_arm_muldivdf3.o)
 .ARM.attributes
                0x00000607       0x22 /Applications/ArmGNUToolchain/14.2.rel1/arm-none-eabi/bin/../lib/gcc/arm-none-eabi/14.2.1/thumb/v7e-m+fp/hard/libgcc.a(_arm_cmpdf2.o)
 .ARM.attributes
                0x00000629       0x22 /Applications/ArmGNUToolchain/14.2.rel1/arm-none-eabi/bin/../lib/gcc/arm-none-eabi/14.2.1/thumb/v7e-m+fp/hard/libgcc.a(_arm_unorddf2.o)
 .ARM.attributes
                0x0000064b       0x22 /Applications/ArmGNUToolchain/14.2.rel1/arm-none-eabi/bin/../lib/gcc/arm-none-eabi/14.2.1/thumb/v7e-m+fp/hard/libgcc.a(_arm_fixdfsi.o)
 .ARM.attributes
                0x0000066d       0x34 /Applications/ArmGNUToolchain/14.2.rel1/arm-none-eabi/bin/../lib/gcc/arm-none-eabi/14.2.1/../../../../arm-none-eabi/lib/thumb/v7e-m+fp/hard/libc_nano.a(libc_a-atoi.o)
 .ARM.attributes
                0x000006a1       0x34 /Applications/ArmGNUToolchain/14.2.rel1/arm-none-eabi/bin/../lib/gcc/arm-none-eabi/14.2.1/../../../../arm-none-eabi/lib/thumb/v7e-m+fp/hard/libc_nano.a(libc_a-vsnprintf.o)
 .ARM.attributes
                0x000006d5       0x34 /Applications/ArmGNUToolchain/14.2.rel1/arm-none-eabi/bin/../lib/gcc/arm-none-eabi/14.2.1/../../../../arm-none-eabi/lib/thumb/v7e-m+fp/hard/libc_nano.a(libc_a-strtol.o)
 .ARM.attributes
                0x00000709       0x34 /Applications/ArmGNUToolchain/14.2.rel1/arm-none-eabi/bin/../lib/gcc/arm-none-eabi/14.2.1/../../../../arm-none-eabi/lib/thumb/v7e-m+fp/hard/libc_nano.a(libc_a-memset.o)
 .ARM.attributes
                0x0000073d       0x34 /Applications/ArmGNUToolchain/14.2.rel1/arm-none-eabi/bin/../lib/gcc/arm-none-eabi/14.2.1/../../../../arm-none-eabi/lib/thumb/v7e-m+fp/hard/libc_nano.a(libc_a-errno.o)
 .ARM.attributes
                0x00000771       0x34 /Applications/ArmGNUToolchain/14.2.rel1/arm-none-eabi/bin/../lib/gcc/arm-none-eabi/14.2.1/../../../../arm-none-eabi/lib/thumb/v7e-m+fp/hard/libc_nano.a(libc_a-impure.o)
 .ARM.attributes
                0x000007a5       0x34 /Applications/ArmGNUToolchain/14.2.rel1/arm-none-eabi/bin/../lib/gcc/arm-none-eabi/14.2.1/../../../../arm-none-eabi/lib/thumb/v7e-m+fp/hard/libc_nano.a(libc_a-ctype_.o)
 .ARM.attributes
                0x000007d9       0x34 /Applications/ArmGNUToolchain/14.2.rel1/arm-none-eabi/bin/../lib/gcc/arm-none-eabi/14.2.1/../../../../arm-none-eabi/lib/thumb/v7e-m+fp/hard/libc_nano.a(libc_a-nano-svfprintf.o)
 .ARM.attributes
                0x0000080d       0x34 /Applications/ArmGNUToolchain/14.2.rel1/arm-none-eabi/bin/../lib/gcc/arm-none-eabi/14.2.1/../../../../arm-none-eabi/lib/thumb/v7e-m+fp/hard/libc_nano.a(libc_a-mallocr.o)
 .ARM.attributes
                0x00000841       0x34 /Applications/ArmGNUToolchain/14.2.rel1/arm-none-eabi/bin/../lib/gcc/arm-none-eabi/14.2.1/../../../../arm-none-eabi/lib/thumb/v7e-m+fp/hard/libc_nano.a(libc_a-nano-vfprintf_i.o)
 .ARM.attributes
                0x00000875       0x34 /Applications/ArmGNUToolchain/14.2.rel1/arm-none-eabi/bin/../lib/gcc/arm-none-eabi/14.2.1/../../../../arm-none-eabi/lib/thumb/v7e-m+fp/hard/libc_nano.a(libc_a-mlock.o)
 .ARM.attributes
                0x000008a9       0x34 /Applications/ArmGNUToolchain/14.2.rel1/arm-none-eabi/bin/../lib/gcc/arm-none-eabi/14.2.1/../../../../arm-none-eabi/lib/thumb/v7e-m+fp/hard/libc_nano.a(libc_a-reallocr.o)
 .ARM.attributes
                0x000008dd       0x34 /Applications/ArmGNUToolchain/14.2.rel1/arm-none-eabi/bin/../lib/gcc/arm-none-eabi/14.2.1/../../../../arm-none-eabi/lib/thumb/v7e-m+fp/hard/libc_nano.a(libc_a-memmove.o)
 .ARM.attributes
                0x00000911       0x34 /Applications/ArmGNUToolchain/14.2.rel1/arm-none-eabi/bin/../lib/gcc/arm-none-eabi/14.2.1/../../../../arm-none-eabi/lib/thumb/v7e-m+fp/hard/libc_nano.a(libc_a-sbrkr.o)
 .ARM.attributes
                0x00000945       0x34 /Applications/ArmGNUToolchain/14.2.rel1/arm-none-eabi/bin/../lib/gcc/arm-none-eabi/14.2.1/../../../../arm-none-eabi/lib/thumb/v7e-m+fp/hard/libc_nano.a(libc_a-lock.o)
 .ARM.attributes
                0x00000979       0x34 /Applications/ArmGNUToolchain/14.2.rel1/arm-none-eabi/bin/../lib/gcc/arm-none-eabi/14.2.1/../../../../arm-none-eabi/lib/thumb/v7e-m+fp/hard/libc_nano.a(libc_a-reent.o)
 .ARM.attributes
                0x000009ad       0x1c /Applications/ArmGNUToolchain/14.2.rel1/arm-none-eabi/bin/../lib/gcc/arm-none-eabi/14.2.1/../../../../arm-none-eabi/lib/thumb/v7e-m+fp/hard/libc_nano.a(libc_a-memchr.o)
 .ARM.attributes
                0x000009c9       0x34 /Applications/ArmGNUToolchain/14.2.rel1/arm-none-eabi/bin/../lib/gcc/arm-none-eabi/14.2.1/../../../../arm-none-eabi/lib/thumb/v7e-m+fp/hard/libc_nano.a(libc_a-memcpy-stub.o)
 .ARM.attributes
                0x000009fd       0x34 /Applications/ArmGNUToolchain/14.2.rel1/arm-none-eabi/bin/../lib/gcc/arm-none-eabi/14.2.1/../../../../arm-none-eabi/lib/thumb/v7e-m+fp/hard/libc_nano.a(libc_a-freer.o)
 .ARM.attributes
                0x00000a31       0x34 /Applications/ArmGNUToolchain/14.2.rel1/arm-none-eabi/bin/../lib/gcc/arm-none-eabi/14.2.1/../../../../arm-none-eabi/lib/thumb/v7e-m+fp/hard/libc_nano.a(libc_a-msizer.o)

.debug_frame    0x00000000     0x3f94
 .debug_frame   0x00000000       0xf8 ./Debug/MusicPlayer.c.o
 .debug_frame   0x000000f8      0x138 ./Debug/sioTinyTimber.c.o
 .debug_frame   0x00000230       0xa8 ./Debug/TimeMeasure.c.o
 .debug_frame   0x000002d8      0x490 ./Debug/driver_src_stm32f4xx_usart.c.o
 .debug_frame   0x00000768      0xe54 ./Debug/driver_src_stm32f4xx_tim.c.o
 .debug_frame   0x000015bc      0x23c ./Debug/driver_src_stm32f4xx_gpio.c.o
 .debug_frame   0x000017f8      0x2ac ./Debug/driver_src_stm32f4xx_dac.c.o
 .debug_frame   0x00001aa4      0x148 ./Debug/driver_src_stm32f4xx_exti.c.o
 .debug_frame   0x00001bec      0x100 ./Debug/canTinyTimber.c.o
 .debug_frame   0x00001cec      0x57c ./Debug/TinyTimber.c.o
 .debug_frame   0x00002268      0x3f8 ./Debug/driver_src_stm32f4xx_can.c.o
 .debug_frame   0x00002660      0x14c ./Debug/startup.c.o
 .debug_frame   0x000027ac      0x11c ./Debug/sciTinyTimber.c.o
 .debug_frame   0x000028c8      0x118 ./Debug/BackgroundLoad.c.o
 .debug_frame   0x000029e0      0x11c ./Debug/driver_src_stm32f4xx_syscfg.c.o
 .debug_frame   0x00002afc      0x1a0 ./Debug/application.c.o
 .debug_frame   0x00002c9c       0xd8 ./Debug/ToneGenerator.c.o
 .debug_frame   0x00002d74      0x814 ./Debug/driver_src_stm32f4xx_rcc.c.o
 .debug_frame   0x00003588       0x48 ./Debug/Print.c.o
 .debug_frame   0x000035d0       0x44 /Applications/ArmGNUToolchain/14.2.rel1/arm-none-eabi/bin/../lib/gcc/arm-none-eabi/14.2.1/../../../../arm-none-eabi/lib/thumb/v7e-m+fp/hard/libm.a(libm_a-w_pow.o)
 .debug_frame   0x00003614       0x28 /Applications/ArmGNUToolchain/14.2.rel1/arm-none-eabi/bin/../lib/gcc/arm-none-eabi/14.2.1/../../../../arm-none-eabi/lib/thumb/v7e-m+fp/hard/libm.a(libm_a-s_finite.o)
 .debug_frame   0x0000363c       0x80 /Applications/ArmGNUToolchain/14.2.rel1/arm-none-eabi/bin/../lib/gcc/arm-none-eabi/14.2.1/../../../../arm-none-eabi/lib/thumb/v7e-m+fp/hard/libm.a(libm_a-e_pow.o)
 .debug_frame   0x000036bc      0x14c /Applications/ArmGNUToolchain/14.2.rel1/arm-none-eabi/bin/../lib/gcc/arm-none-eabi/14.2.1/../../../../arm-none-eabi/lib/thumb/v7e-m+fp/hard/libm.a(libm_a-math_err.o)
 .debug_frame   0x00003808       0x20 /Applications/ArmGNUToolchain/14.2.rel1/arm-none-eabi/bin/../lib/gcc/arm-none-eabi/14.2.1/../../../../arm-none-eabi/lib/thumb/v7e-m+fp/hard/libm.a(libm_a-s_fabs.o)
 .debug_frame   0x00003828       0x2c /Applications/ArmGNUToolchain/14.2.rel1/arm-none-eabi/bin/../lib/gcc/arm-none-eabi/14.2.1/../../../../arm-none-eabi/lib/thumb/v7e-m+fp/hard/libm.a(libm_a-s_scalbn.o)
 .debug_frame   0x00003854       0x38 /Applications/ArmGNUToolchain/14.2.rel1/arm-none-eabi/bin/../lib/gcc/arm-none-eabi/14.2.1/../../../../arm-none-eabi/lib/thumb/v7e-m+fp/hard/libm.a(libm_a-e_sqrt.o)
 .debug_frame   0x0000388c       0x30 /Applications/ArmGNUToolchain/14.2.rel1/arm-none-eabi/bin/../lib/gcc/arm-none-eabi/14.2.1/thumb/v7e-m+fp/hard/libgcc.a(_arm_muldf3.o)
 .debug_frame   0x000038bc       0xac /Applications/ArmGNUToolchain/14.2.rel1/arm-none-eabi/bin/../lib/gcc/arm-none-eabi/14.2.1/thumb/v7e-m+fp/hard/libgcc.a(_arm_addsubdf3.o)
 .debug_frame   0x00003968       0x50 /Applications/ArmGNUToolchain/14.2.rel1/arm-none-eabi/bin/../lib/gcc/arm-none-eabi/14.2.1/thumb/v7e-m+fp/hard/libgcc.a(_arm_muldivdf3.o)
 .debug_frame   0x000039b8       0xc4 /Applications/ArmGNUToolchain/14.2.rel1/arm-none-eabi/bin/../lib/gcc/arm-none-eabi/14.2.1/thumb/v7e-m+fp/hard/libgcc.a(_arm_cmpdf2.o)
 .debug_frame   0x00003a7c       0x20 /Applications/ArmGNUToolchain/14.2.rel1/arm-none-eabi/bin/../lib/gcc/arm-none-eabi/14.2.1/thumb/v7e-m+fp/hard/libgcc.a(_arm_unorddf2.o)
 .debug_frame   0x00003a9c       0x24 /Applications/ArmGNUToolchain/14.2.rel1/arm-none-eabi/bin/../lib/gcc/arm-none-eabi/14.2.1/thumb/v7e-m+fp/hard/libgcc.a(_arm_fixdfsi.o)
 .debug_frame   0x00003ac0       0x30 /Applications/ArmGNUToolchain/14.2.rel1/arm-none-eabi/bin/../lib/gcc/arm-none-eabi/14.2.1/../../../../arm-none-eabi/lib/thumb/v7e-m+fp/hard/libc_nano.a(libc_a-atoi.o)
 .debug_frame   0x00003af0       0x4c /Applications/ArmGNUToolchain/14.2.rel1/arm-none-eabi/bin/../lib/gcc/arm-none-eabi/14.2.1/../../../../arm-none-eabi/lib/thumb/v7e-m+fp/hard/libc_nano.a(libc_a-vsnprintf.o)
 .debug_frame   0x00003b3c       0x64 /Applications/ArmGNUToolchain/14.2.rel1/arm-none-eabi/bin/../lib/gcc/arm-none-eabi/14.2.1/../../../../arm-none-eabi/lib/thumb/v7e-m+fp/hard/libc_nano.a(libc_a-strtol.o)
 .debug_frame   0x00003ba0       0x20 /Applications/ArmGNUToolchain/14.2.rel1/arm-none-eabi/bin/../lib/gcc/arm-none-eabi/14.2.1/../../../../arm-none-eabi/lib/thumb/v7e-m+fp/hard/libc_nano.a(libc_a-memset.o)
 .debug_frame   0x00003bc0       0x20 /Applications/ArmGNUToolchain/14.2.rel1/arm-none-eabi/bin/../lib/gcc/arm-none-eabi/14.2.1/../../../../arm-none-eabi/lib/thumb/v7e-m+fp/hard/libc_nano.a(libc_a-errno.o)
 .debug_frame   0x00003be0       0x90 /Applications/ArmGNUToolchain/14.2.rel1/arm-none-eabi/bin/../lib/gcc/arm-none-eabi/14.2.1/../../../../arm-none-eabi/lib/thumb/v7e-m+fp/hard/libc_nano.a(libc_a-nano-svfprintf.o)
 .debug_frame   0x00003c70       0x50 /Applications/ArmGNUToolchain/14.2.rel1/arm-none-eabi/bin/../lib/gcc/arm-none-eabi/14.2.1/../../../../arm-none-eabi/lib/thumb/v7e-m+fp/hard/libc_nano.a(libc_a-mallocr.o)
 .debug_frame   0x00003cc0       0x60 /Applications/ArmGNUToolchain/14.2.rel1/arm-none-eabi/bin/../lib/gcc/arm-none-eabi/14.2.1/../../../../arm-none-eabi/lib/thumb/v7e-m+fp/hard/libc_nano.a(libc_a-nano-vfprintf_i.o)
 .debug_frame   0x00003d20       0x30 /Applications/ArmGNUToolchain/14.2.rel1/arm-none-eabi/bin/../lib/gcc/arm-none-eabi/14.2.1/../../../../arm-none-eabi/lib/thumb/v7e-m+fp/hard/libc_nano.a(libc_a-mlock.o)
 .debug_frame   0x00003d50       0x3c /Applications/ArmGNUToolchain/14.2.rel1/arm-none-eabi/bin/../lib/gcc/arm-none-eabi/14.2.1/../../../../arm-none-eabi/lib/thumb/v7e-m+fp/hard/libc_nano.a(libc_a-reallocr.o)
 .debug_frame   0x00003d8c       0x28 /Applications/ArmGNUToolchain/14.2.rel1/arm-none-eabi/bin/../lib/gcc/arm-none-eabi/14.2.1/../../../../arm-none-eabi/lib/thumb/v7e-m+fp/hard/libc_nano.a(libc_a-memmove.o)
 .debug_frame   0x00003db4       0x2c /Applications/ArmGNUToolchain/14.2.rel1/arm-none-eabi/bin/../lib/gcc/arm-none-eabi/14.2.1/../../../../arm-none-eabi/lib/thumb/v7e-m+fp/hard/libc_nano.a(libc_a-sbrkr.o)